C:/Users/TerenceLeung/Documents/STM32_Prototyping/Inverter_v1.2_motor/inverter_v1.2/MCSDK_v5.4.5/MotorControl/MCSDK/MCLib/Any/Src/open_loop.c:47:13:OL_Init	0	static
C:/Users/TerenceLeung/Documents/STM32_Prototyping/Inverter_v1.2_motor/inverter_v1.2/MCSDK_v5.4.5/MotorControl/MCSDK/MCLib/Any/Src/open_loop.c:58:13:OL_VqdConditioning	8	static
C:/Users/TerenceLeung/Documents/STM32_Prototyping/Inverter_v1.2_motor/inverter_v1.2/MCSDK_v5.4.5/MotorControl/MCSDK/MCLib/Any/Src/open_loop.c:74:13:OL_UpdateVoltage	0	static
C:/Users/TerenceLeung/Documents/STM32_Prototyping/Inverter_v1.2_motor/inverter_v1.2/MCSDK_v5.4.5/MotorControl/MCSDK/MCLib/Any/Src/open_loop.c:84:13:OL_Calc	0	static
C:/Users/TerenceLeung/Documents/STM32_Prototyping/Inverter_v1.2_motor/inverter_v1.2/MCSDK_v5.4.5/MotorControl/MCSDK/MCLib/Any/Src/open_loop.c:106:13:OL_VF	0	static
