C:/Users/TerenceLeung/Documents/STM32_Prototyping/Inverter_v1.2_motor/inverter_v1.2/MCSDK_v5.4.5/MotorControl/MCSDK/MCLib/Any/Src/state_machine.c:48:13:STM_Init	0	static
C:/Users/TerenceLeung/Documents/STM32_Prototyping/Inverter_v1.2_motor/inverter_v1.2/MCSDK_v5.4.5/MotorControl/MCSDK/MCLib/Any/Src/state_machine.c:264:16:STM_FaultProcessing	0	static
C:/Users/TerenceLeung/Documents/STM32_Prototyping/Inverter_v1.2_motor/inverter_v1.2/MCSDK_v5.4.5/MotorControl/MCSDK/MCLib/Any/Src/state_machine.c:72:13:STM_NextState	8	static
C:/Users/TerenceLeung/Documents/STM32_Prototyping/Inverter_v1.2_motor/inverter_v1.2/MCSDK_v5.4.5/MotorControl/MCSDK/MCLib/Any/Src/state_machine.c:305:16:STM_GetState	0	static
C:/Users/TerenceLeung/Documents/STM32_Prototyping/Inverter_v1.2_motor/inverter_v1.2/MCSDK_v5.4.5/MotorControl/MCSDK/MCLib/Any/Src/state_machine.c:321:13:STM_FaultAcknowledged	0	static
C:/Users/TerenceLeung/Documents/STM32_Prototyping/Inverter_v1.2_motor/inverter_v1.2/MCSDK_v5.4.5/MotorControl/MCSDK/MCLib/Any/Src/state_machine.c:347:17:STM_GetFaultState	0	static
