Archive member included to satisfy reference by file (symbol)

../../MCSDK_v5.4.5/MotorControl/lib\libmc-gcc_M4_NoCCMRAM.lib(revup_ctrl.o)
                              ./Application/User/user_interface.o (RUC_SetPhaseDurationms)
c:/st/stm32cubeide_1.6.1/stm32cubeide/plugins/com.st.stm32cube.ide.mcu.externaltools.gnu-tools-for-stm32.10.3-2021.10.win32_1.0.0.202111181127/tools/bin/../lib/gcc/arm-none-eabi/10.3.1/../../../../arm-none-eabi/lib/thumb/v7e-m+fp/hard\libc_nano.a(lib_a-errno.o)
                              ./Application/User/syscalls.o (__errno)
c:/st/stm32cubeide_1.6.1/stm32cubeide/plugins/com.st.stm32cube.ide.mcu.externaltools.gnu-tools-for-stm32.10.3-2021.10.win32_1.0.0.202111181127/tools/bin/../lib/gcc/arm-none-eabi/10.3.1/../../../../arm-none-eabi/lib/thumb/v7e-m+fp/hard\libc_nano.a(lib_a-exit.o)
                              c:/st/stm32cubeide_1.6.1/stm32cubeide/plugins/com.st.stm32cube.ide.mcu.externaltools.gnu-tools-for-stm32.10.3-2021.10.win32_1.0.0.202111181127/tools/bin/../lib/gcc/arm-none-eabi/10.3.1/../../../../arm-none-eabi/lib/thumb/v7e-m+fp/hard/crt0.o (exit)
c:/st/stm32cubeide_1.6.1/stm32cubeide/plugins/com.st.stm32cube.ide.mcu.externaltools.gnu-tools-for-stm32.10.3-2021.10.win32_1.0.0.202111181127/tools/bin/../lib/gcc/arm-none-eabi/10.3.1/../../../../arm-none-eabi/lib/thumb/v7e-m+fp/hard\libc_nano.a(lib_a-impure.o)
                              c:/st/stm32cubeide_1.6.1/stm32cubeide/plugins/com.st.stm32cube.ide.mcu.externaltools.gnu-tools-for-stm32.10.3-2021.10.win32_1.0.0.202111181127/tools/bin/../lib/gcc/arm-none-eabi/10.3.1/../../../../arm-none-eabi/lib/thumb/v7e-m+fp/hard\libc_nano.a(lib_a-exit.o) (_global_impure_ptr)
c:/st/stm32cubeide_1.6.1/stm32cubeide/plugins/com.st.stm32cube.ide.mcu.externaltools.gnu-tools-for-stm32.10.3-2021.10.win32_1.0.0.202111181127/tools/bin/../lib/gcc/arm-none-eabi/10.3.1/../../../../arm-none-eabi/lib/thumb/v7e-m+fp/hard\libc_nano.a(lib_a-init.o)
                              c:/st/stm32cubeide_1.6.1/stm32cubeide/plugins/com.st.stm32cube.ide.mcu.externaltools.gnu-tools-for-stm32.10.3-2021.10.win32_1.0.0.202111181127/tools/bin/../lib/gcc/arm-none-eabi/10.3.1/../../../../arm-none-eabi/lib/thumb/v7e-m+fp/hard/crt0.o (__libc_init_array)
c:/st/stm32cubeide_1.6.1/stm32cubeide/plugins/com.st.stm32cube.ide.mcu.externaltools.gnu-tools-for-stm32.10.3-2021.10.win32_1.0.0.202111181127/tools/bin/../lib/gcc/arm-none-eabi/10.3.1/../../../../arm-none-eabi/lib/thumb/v7e-m+fp/hard\libc_nano.a(lib_a-memset.o)
                              c:/st/stm32cubeide_1.6.1/stm32cubeide/plugins/com.st.stm32cube.ide.mcu.externaltools.gnu-tools-for-stm32.10.3-2021.10.win32_1.0.0.202111181127/tools/bin/../lib/gcc/arm-none-eabi/10.3.1/../../../../arm-none-eabi/lib/thumb/v7e-m+fp/hard/crt0.o (memset)
c:/st/stm32cubeide_1.6.1/stm32cubeide/plugins/com.st.stm32cube.ide.mcu.externaltools.gnu-tools-for-stm32.10.3-2021.10.win32_1.0.0.202111181127/tools/bin/../lib/gcc/arm-none-eabi/10.3.1/thumb/v7e-m+fp/hard\libgcc.a(_aeabi_ldivmod.o)
                              ./Drivers/STM32F4xx_HAL_Driver/stm32f4xx_hal_rcc.o (__aeabi_ldivmod)
c:/st/stm32cubeide_1.6.1/stm32cubeide/plugins/com.st.stm32cube.ide.mcu.externaltools.gnu-tools-for-stm32.10.3-2021.10.win32_1.0.0.202111181127/tools/bin/../lib/gcc/arm-none-eabi/10.3.1/thumb/v7e-m+fp/hard\libgcc.a(_aeabi_uldivmod.o)
                              ./Drivers/STM32F4xx_HAL_Driver/stm32f4xx_hal_rcc.o (__aeabi_uldivmod)
c:/st/stm32cubeide_1.6.1/stm32cubeide/plugins/com.st.stm32cube.ide.mcu.externaltools.gnu-tools-for-stm32.10.3-2021.10.win32_1.0.0.202111181127/tools/bin/../lib/gcc/arm-none-eabi/10.3.1/thumb/v7e-m+fp/hard\libgcc.a(_udivmoddi4.o)
                              c:/st/stm32cubeide_1.6.1/stm32cubeide/plugins/com.st.stm32cube.ide.mcu.externaltools.gnu-tools-for-stm32.10.3-2021.10.win32_1.0.0.202111181127/tools/bin/../lib/gcc/arm-none-eabi/10.3.1/thumb/v7e-m+fp/hard\libgcc.a(_aeabi_ldivmod.o) (__udivmoddi4)
c:/st/stm32cubeide_1.6.1/stm32cubeide/plugins/com.st.stm32cube.ide.mcu.externaltools.gnu-tools-for-stm32.10.3-2021.10.win32_1.0.0.202111181127/tools/bin/../lib/gcc/arm-none-eabi/10.3.1/thumb/v7e-m+fp/hard\libgcc.a(_dvmd_tls.o)
                              c:/st/stm32cubeide_1.6.1/stm32cubeide/plugins/com.st.stm32cube.ide.mcu.externaltools.gnu-tools-for-stm32.10.3-2021.10.win32_1.0.0.202111181127/tools/bin/../lib/gcc/arm-none-eabi/10.3.1/thumb/v7e-m+fp/hard\libgcc.a(_aeabi_ldivmod.o) (__aeabi_ldiv0)

Discarded input sections

 .text          0x0000000000000000        0x0 c:/st/stm32cubeide_1.6.1/stm32cubeide/plugins/com.st.stm32cube.ide.mcu.externaltools.gnu-tools-for-stm32.10.3-2021.10.win32_1.0.0.202111181127/tools/bin/../lib/gcc/arm-none-eabi/10.3.1/thumb/v7e-m+fp/hard/crti.o
 .data          0x0000000000000000        0x0 c:/st/stm32cubeide_1.6.1/stm32cubeide/plugins/com.st.stm32cube.ide.mcu.externaltools.gnu-tools-for-stm32.10.3-2021.10.win32_1.0.0.202111181127/tools/bin/../lib/gcc/arm-none-eabi/10.3.1/thumb/v7e-m+fp/hard/crti.o
[...]
Memory Configuration

Name             Origin             Length             Attributes
RAM              0x0000000020000000 0x0000000000018000 xrw
FLASH            0x0000000008000000 0x0000000000080000 xr
*default*        0x0000000000000000 0xffffffffffffffff

Linker script and memory map

LOAD c:/st/stm32cubeide_1.6.1/stm32cubeide/plugins/com.st.stm32cube.ide.mcu.externaltools.gnu-tools-for-stm32.10.3-2021.10.win32_1.0.0.202111181127/tools/bin/../lib/gcc/arm-none-eabi/10.3.1/thumb/v7e-m+fp/hard/crti.o
LOAD c:/st/stm32cubeide_1.6.1/stm32cubeide/plugins/com.st.stm32cube.ide.mcu.externaltools.gnu-tools-for-stm32.10.3-2021.10.win32_1.0.0.202111181127/tools/bin/../lib/gcc/arm-none-eabi/10.3.1/thumb/v7e-m+fp/hard/crtbegin.o
LOAD c:/st/stm32cubeide_1.6.1/stm32cubeide/plugins/com.st.stm32cube.ide.mcu.externaltools.gnu-tools-for-stm32.10.3-2021.10.win32_1.0.0.202111181127/tools/bin/../lib/gcc/arm-none-eabi/10.3.1/../../../../arm-none-eabi/lib/thumb/v7e-m+fp/hard/crt0.o
LOAD ./Application/Startup/startup_stm32f401retx.o
LOAD ./Application/User/main.o
LOAD ./Application/User/mc_api.o
LOAD ./Application/User/mc_config.o
LOAD ./Application/User/mc_interface.o
LOAD ./Application/User/mc_math.o
LOAD ./Application/User/mc_parameters.o
LOAD ./Application/User/mc_tasks.o
LOAD ./Application/User/motor_control_protocol.o
LOAD ./Application/User/motorcontrol.o
LOAD ./Application/User/regular_conversion_manager.o
LOAD ./Application/User/stm32f4xx_hal_msp.o
LOAD ./Application/User/stm32f4xx_it.o
LOAD ./Application/User/stm32f4xx_mc_it.o
LOAD ./Application/User/syscalls.o
LOAD ./Application/User/sysmem.o
LOAD ./Application/User/ui_task.o
LOAD ./Application/User/user_interface.o
LOAD ./Drivers/CMSIS/system_stm32f4xx.o
LOAD ./Drivers/STM32F4xx_HAL_Driver/stm32f4xx_hal.o
LOAD ./Drivers/STM32F4xx_HAL_Driver/stm32f4xx_hal_adc.o
LOAD ./Drivers/STM32F4xx_HAL_Driver/stm32f4xx_hal_adc_ex.o
LOAD ./Drivers/STM32F4xx_HAL_Driver/stm32f4xx_hal_cortex.o
LOAD ./Drivers/STM32F4xx_HAL_Driver/stm32f4xx_hal_dma.o
LOAD ./Drivers/STM32F4xx_HAL_Driver/stm32f4xx_hal_dma_ex.o
LOAD ./Drivers/STM32F4xx_HAL_Driver/stm32f4xx_hal_exti.o
LOAD ./Drivers/STM32F4xx_HAL_Driver/stm32f4xx_hal_flash.o
LOAD ./Drivers/STM32F4xx_HAL_Driver/stm32f4xx_hal_flash_ex.o
LOAD ./Drivers/STM32F4xx_HAL_Driver/stm32f4xx_hal_flash_ramfunc.o
LOAD ./Drivers/STM32F4xx_HAL_Driver/stm32f4xx_hal_gpio.o
LOAD ./Drivers/STM32F4xx_HAL_Driver/stm32f4xx_hal_pwr.o
LOAD ./Drivers/STM32F4xx_HAL_Driver/stm32f4xx_hal_pwr_ex.o
LOAD ./Drivers/STM32F4xx_HAL_Driver/stm32f4xx_hal_rcc.o
LOAD ./Drivers/STM32F4xx_HAL_Driver/stm32f4xx_hal_rcc_ex.o
LOAD ./Drivers/STM32F4xx_HAL_Driver/stm32f4xx_hal_tim.o
LOAD ./Drivers/STM32F4xx_HAL_Driver/stm32f4xx_hal_tim_ex.o
LOAD ./Drivers/STM32F4xx_HAL_Driver/stm32f4xx_hal_uart.o
LOAD ./Middlewares/MotorControl/bus_voltage_sensor.o
LOAD ./Middlewares/MotorControl/circle_limitation.o
LOAD ./Middlewares/MotorControl/digital_output.o
LOAD ./Middlewares/MotorControl/frame_communication_protocol.o
LOAD ./Middlewares/MotorControl/hall_speed_pos_fdbk.o
LOAD ./Middlewares/MotorControl/motor_power_measurement.o
LOAD ./Middlewares/MotorControl/ntc_temperature_sensor.o
LOAD ./Middlewares/MotorControl/open_loop.o
LOAD ./Middlewares/MotorControl/pid_regulator.o
LOAD ./Middlewares/MotorControl/pqd_motor_power_measurement.o
LOAD ./Middlewares/MotorControl/pwm_common.o
LOAD ./Middlewares/MotorControl/pwm_curr_fdbk.o
LOAD ./Middlewares/MotorControl/r3_1_f4xx_pwm_curr_fdbk.o
LOAD ./Middlewares/MotorControl/r_divider_bus_voltage_sensor.o
LOAD ./Middlewares/MotorControl/ramp_ext_mngr.o
LOAD ./Middlewares/MotorControl/speed_pos_fdbk.o
LOAD ./Middlewares/MotorControl/speed_torq_ctrl.o
LOAD ./Middlewares/MotorControl/state_machine.o
LOAD ./Middlewares/MotorControl/ui_irq_handler.o
LOAD ./Middlewares/MotorControl/usart_frame_communication_protocol.o
LOAD ./Middlewares/MotorControl/virtual_speed_sensor.o
LOAD ../../MCSDK_v5.4.5/MotorControl/lib\libmc-gcc_M4_NoCCMRAM.lib
START GROUP
LOAD c:/st/stm32cubeide_1.6.1/stm32cubeide/plugins/com.st.stm32cube.ide.mcu.externaltools.gnu-tools-for-stm32.10.3-2021.10.win32_1.0.0.202111181127/tools/bin/../lib/gcc/arm-none-eabi/10.3.1/../../../../arm-none-eabi/lib/thumb/v7e-m+fp/hard\libc_nano.a
LOAD c:/st/stm32cubeide_1.6.1/stm32cubeide/plugins/com.st.stm32cube.ide.mcu.externaltools.gnu-tools-for-stm32.10.3-2021.10.win32_1.0.0.202111181127/tools/bin/../lib/gcc/arm-none-eabi/10.3.1/../../../../arm-none-eabi/lib/thumb/v7e-m+fp/hard\libm.a
END GROUP
START GROUP
LOAD c:/st/stm32cubeide_1.6.1/stm32cubeide/plugins/com.st.stm32cube.ide.mcu.externaltools.gnu-tools-for-stm32.10.3-2021.10.win32_1.0.0.202111181127/tools/bin/../lib/gcc/arm-none-eabi/10.3.1/thumb/v7e-m+fp/hard\libgcc.a
LOAD c:/st/stm32cubeide_1.6.1/stm32cubeide/plugins/com.st.stm32cube.ide.mcu.externaltools.gnu-tools-for-stm32.10.3-2021.10.win32_1.0.0.202111181127/tools/bin/../lib/gcc/arm-none-eabi/10.3.1/../../../../arm-none-eabi/lib/thumb/v7e-m+fp/hard\libc_nano.a
END GROUP
START GROUP
LOAD c:/st/stm32cubeide_1.6.1/stm32cubeide/plugins/com.st.stm32cube.ide.mcu.externaltools.gnu-tools-for-stm32.10.3-2021.10.win32_1.0.0.202111181127/tools/bin/../lib/gcc/arm-none-eabi/10.3.1/thumb/v7e-m+fp/hard\libgcc.a
LOAD c:/st/stm32cubeide_1.6.1/stm32cubeide/plugins/com.st.stm32cube.ide.mcu.externaltools.gnu-tools-for-stm32.10.3-2021.10.win32_1.0.0.202111181127/tools/bin/../lib/gcc/arm-none-eabi/10.3.1/../../../../arm-none-eabi/lib/thumb/v7e-m+fp/hard\libc_nano.a
LOAD c:/st/stm32cubeide_1.6.1/stm32cubeide/plugins/com.st.stm32cube.ide.mcu.externaltools.gnu-tools-for-stm32.10.3-2021.10.win32_1.0.0.202111181127/tools/bin/../lib/gcc/arm-none-eabi/10.3.1/../../../../arm-none-eabi/lib/thumb/v7e-m+fp/hard\libnosys.a
END GROUP
START GROUP
LOAD c:/st/stm32cubeide_1.6.1/stm32cubeide/plugins/com.st.stm32cube.ide.mcu.externaltools.gnu-tools-for-stm32.10.3-2021.10.win32_1.0.0.202111181127/tools/bin/../lib/gcc/arm-none-eabi/10.3.1/thumb/v7e-m+fp/hard\libgcc.a
LOAD c:/st/stm32cubeide_1.6.1/stm32cubeide/plugins/com.st.stm32cube.ide.mcu.externaltools.gnu-tools-for-stm32.10.3-2021.10.win32_1.0.0.202111181127/tools/bin/../lib/gcc/arm-none-eabi/10.3.1/../../../../arm-none-eabi/lib/thumb/v7e-m+fp/hard\libc_nano.a
LOAD c:/st/stm32cubeide_1.6.1/stm32cubeide/plugins/com.st.stm32cube.ide.mcu.externaltools.gnu-tools-for-stm32.10.3-2021.10.win32_1.0.0.202111181127/tools/bin/../lib/gcc/arm-none-eabi/10.3.1/../../../../arm-none-eabi/lib/thumb/v7e-m+fp/hard\libnosys.a
END GROUP
LOAD c:/st/stm32cubeide_1.6.1/stm32cubeide/plugins/com.st.stm32cube.ide.mcu.externaltools.gnu-tools-for-stm32.10.3-2021.10.win32_1.0.0.202111181127/tools/bin/../lib/gcc/arm-none-eabi/10.3.1/thumb/v7e-m+fp/hard/crtend.o
LOAD c:/st/stm32cubeide_1.6.1/stm32cubeide/plugins/com.st.stm32cube.ide.mcu.externaltools.gnu-tools-for-stm32.10.3-2021.10.win32_1.0.0.202111181127/tools/bin/../lib/gcc/arm-none-eabi/10.3.1/thumb/v7e-m+fp/hard/crtn.o
                0x0000000020018000                _estack = (ORIGIN (RAM) + LENGTH (RAM))
                0x0000000000000200                _Min_Heap_Size = 0x200
                0x0000000000000400                _Min_Stack_Size = 0x400

.isr_vector     0x0000000008000000      0x194
                0x0000000008000000                . = ALIGN (0x4)
 *(.isr_vector)
 .isr_vector    0x0000000008000000      0x194 ./Application/Startup/startup_stm32f401retx.o
                0x0000000008000000                g_pfnVectors
                0x0000000008000194                . = ALIGN (0x4)

.text           0x0000000008000198     0x6090
                0x0000000008000198                . = ALIGN (0x4)
 *(.text)
 .text          0x0000000008000198       0x40 c:/st/stm32cubeide_1.6.1/stm32cubeide/plugins/com.st.stm32cube.ide.mcu.externaltools.gnu-tools-for-stm32.10.3-2021.10.win32_1.0.0.202111181127/tools/bin/../lib/gcc/arm-none-eabi/10.3.1/thumb/v7e-m+fp/hard/crtbegin.o
 .text          0x00000000080001d8       0x30 c:/st/stm32cubeide_1.6.1/stm32cubeide/plugins/com.st.stm32cube.ide.mcu.externaltools.gnu-tools-for-stm32.10.3-2021.10.win32_1.0.0.202111181127/tools/bin/../lib/gcc/arm-none-eabi/10.3.1/thumb/v7e-m+fp/hard\libgcc.a(_aeabi_uldivmod.o)
                0x00000000080001d8                __aeabi_uldivmod
 .text          0x0000000008000208      0x2d0 c:/st/stm32cubeide_1.6.1/stm32cubeide/plugins/com.st.stm32cube.ide.mcu.externaltools.gnu-tools-for-stm32.10.3-2021.10.win32_1.0.0.202111181127/tools/bin/../lib/gcc/arm-none-eabi/10.3.1/thumb/v7e-m+fp/hard\libgcc.a(_udivmoddi4.o)
                0x0000000008000208                __udivmoddi4
 .text          0x00000000080004d8        0x4 c:/st/stm32cubeide_1.6.1/stm32cubeide/plugins/com.st.stm32cube.ide.mcu.externaltools.gnu-tools-for-stm32.10.3-2021.10.win32_1.0.0.202111181127/tools/bin/../lib/gcc/arm-none-eabi/10.3.1/thumb/v7e-m+fp/hard\libgcc.a(_dvmd_tls.o)
                0x00000000080004d8                __aeabi_idiv0
                0x00000000080004d8                __aeabi_ldiv0
 *(.text*)
 .text.Reset_Handler
                0x00000000080004dc       0x50 ./Application/Startup/startup_stm32f401retx.o
                0x00000000080004dc                Reset_Handler
 .text.Default_Handler
                0x000000000800052c        0x2 ./Application/Startup/startup_stm32f401retx.o
                0x000000000800052c                RTC_Alarm_IRQHandler
                0x000000000800052c                EXTI2_IRQHandler
                0x000000000800052c                DebugMon_Handler
                0x000000000800052c                SPI4_IRQHandler
                0x000000000800052c                TIM1_CC_IRQHandler
                0x000000000800052c                DMA2_Stream5_IRQHandler
                0x000000000800052c                DMA1_Stream5_IRQHandler
                0x000000000800052c                PVD_IRQHandler
                0x000000000800052c                SDIO_IRQHandler
                0x000000000800052c                TAMP_STAMP_IRQHandler
                0x000000000800052c                PendSV_Handler
                0x000000000800052c                NMI_Handler
                0x000000000800052c                EXTI3_IRQHandler
                0x000000000800052c                I2C3_ER_IRQHandler
                0x000000000800052c                EXTI0_IRQHandler
                0x000000000800052c                I2C2_EV_IRQHandler
                0x000000000800052c                DMA1_Stream2_IRQHandler
                0x000000000800052c                FPU_IRQHandler
                0x000000000800052c                UsageFault_Handler
                0x000000000800052c                DMA2_Stream2_IRQHandler
                0x000000000800052c                SPI1_IRQHandler
                0x000000000800052c                DMA2_Stream3_IRQHandler
                0x000000000800052c                USART6_IRQHandler
                0x000000000800052c                DMA2_Stream0_IRQHandler
                0x000000000800052c                TIM4_IRQHandler
                0x000000000800052c                I2C1_EV_IRQHandler
                0x000000000800052c                DMA1_Stream6_IRQHandler
                0x000000000800052c                DMA1_Stream1_IRQHandler
                0x000000000800052c                TIM3_IRQHandler
                0x000000000800052c                RCC_IRQHandler
                0x000000000800052c                Default_Handler
                0x000000000800052c                EXTI15_10_IRQHandler
                0x000000000800052c                DMA1_Stream7_IRQHandler
                0x000000000800052c                TIM5_IRQHandler
                0x000000000800052c                DMA2_Stream7_IRQHandler
                0x000000000800052c                I2C3_EV_IRQHandler
                0x000000000800052c                EXTI9_5_IRQHandler
                0x000000000800052c                RTC_WKUP_IRQHandler
                0x000000000800052c                SPI2_IRQHandler
                0x000000000800052c                MemManage_Handler
                0x000000000800052c                DMA1_Stream0_IRQHandler
                0x000000000800052c                SVC_Handler
                0x000000000800052c                EXTI4_IRQHandler
                0x000000000800052c                WWDG_IRQHandler
                0x000000000800052c                OTG_FS_WKUP_IRQHandler
                0x000000000800052c                TIM1_TRG_COM_TIM11_IRQHandler
                0x000000000800052c                EXTI1_IRQHandler
                0x000000000800052c                I2C2_ER_IRQHandler
                0x000000000800052c                DMA2_Stream1_IRQHandler
                0x000000000800052c                FLASH_IRQHandler
                0x000000000800052c                DMA2_Stream4_IRQHandler
                0x000000000800052c                BusFault_Handler
                0x000000000800052c                USART1_IRQHandler
                0x000000000800052c                OTG_FS_IRQHandler
                0x000000000800052c                SPI3_IRQHandler
                0x000000000800052c                DMA1_Stream4_IRQHandler
                0x000000000800052c                I2C1_ER_IRQHandler
                0x000000000800052c                DMA2_Stream6_IRQHandler
                0x000000000800052c                DMA1_Stream3_IRQHandler
 *fill*         0x000000000800052e        0x2 
 .text.SystemClock_Config
                0x0000000008000530       0xc0 ./Application/User/main.o
                0x0000000008000530                SystemClock_Config
 .text.startup.main
                0x00000000080005f0      0x358 ./Application/User/main.o
                0x00000000080005f0                main
 .text.MCI_Init
                0x0000000008000948       0x1c ./Application/User/mc_interface.o
                0x0000000008000948                MCI_Init
 .text.MCI_ExecSpeedRamp
                0x0000000008000964       0x14 ./Application/User/mc_interface.o
                0x0000000008000964                MCI_ExecSpeedRamp
 .text.MCI_ExecTorqueRamp
                0x0000000008000978       0x14 ./Application/User/mc_interface.o
                0x0000000008000978                MCI_ExecTorqueRamp
 .text.MCI_SetCurrentReferences
                0x000000000800098c       0x14 ./Application/User/mc_interface.o
                0x000000000800098c                MCI_SetCurrentReferences
 .text.MCI_StartMotor
                0x00000000080009a0       0x14 ./Application/User/mc_interface.o
                0x00000000080009a0                MCI_StartMotor
 .text.MCI_StopMotor
                0x00000000080009b4        0x8 ./Application/User/mc_interface.o
                0x00000000080009b4                MCI_StopMotor
 .text.MCI_FaultAcknowledged
                0x00000000080009bc        0x8 ./Application/User/mc_interface.o
                0x00000000080009bc                MCI_FaultAcknowledged
 .text.MCI_EncoderAlign
                0x00000000080009c4        0x8 ./Application/User/mc_interface.o
                0x00000000080009c4                MCI_EncoderAlign
 .text.MCI_ExecBufferedCommands
                0x00000000080009cc       0x78 ./Application/User/mc_interface.o
                0x00000000080009cc                MCI_ExecBufferedCommands
 .text.MCI_GetSTMState
                0x0000000008000a44        0x8 ./Application/User/mc_interface.o
                0x0000000008000a44                MCI_GetSTMState
 .text.MCI_GetControlMode
                0x0000000008000a4c        0x4 ./Application/User/mc_interface.o
                0x0000000008000a4c                MCI_GetControlMode
 .text.MCI_GetLastRampFinalSpeed
                0x0000000008000a50       0x10 ./Application/User/mc_interface.o
                0x0000000008000a50                MCI_GetLastRampFinalSpeed
 .text.MCI_StopRamp
                0x0000000008000a60        0x8 ./Application/User/mc_interface.o
                0x0000000008000a60                MCI_StopRamp
 .text.MCI_GetAvrgMecSpeedUnit
                0x0000000008000a68       0x10 ./Application/User/mc_interface.o
                0x0000000008000a68                MCI_GetAvrgMecSpeedUnit
 .text.MCI_GetMecSpeedRefUnit
                0x0000000008000a78        0x8 ./Application/User/mc_interface.o
                0x0000000008000a78                MCI_GetMecSpeedRefUnit
 .text.MCI_GetIab
                0x0000000008000a80       0x1c ./Application/User/mc_interface.o
                0x0000000008000a80                MCI_GetIab
 .text.MCI_GetIalphabeta
                0x0000000008000a9c       0x1c ./Application/User/mc_interface.o
                0x0000000008000a9c                MCI_GetIalphabeta
 .text.MCI_GetIqd
                0x0000000008000ab8       0x1c ./Application/User/mc_interface.o
                0x0000000008000ab8                MCI_GetIqd
 .text.MCI_GetIqdref
                0x0000000008000ad4       0x1c ./Application/User/mc_interface.o
                0x0000000008000ad4                MCI_GetIqdref
 .text.MCI_GetVqd
                0x0000000008000af0       0x1c ./Application/User/mc_interface.o
                0x0000000008000af0                MCI_GetVqd
 .text.MCI_GetValphabeta
                0x0000000008000b0c       0x1c ./Application/User/mc_interface.o
                0x0000000008000b0c                MCI_GetValphabeta
 .text.MCI_GetTeref
                0x0000000008000b28        0x8 ./Application/User/mc_interface.o
                0x0000000008000b28                MCI_GetTeref
 .text.MCI_SetIdref
                0x0000000008000b30       0x14 ./Application/User/mc_interface.o
                0x0000000008000b30                MCI_SetIdref
 .text.MCI_Clear_Iqdref
                0x0000000008000b44       0x14 ./Application/User/mc_interface.o
                0x0000000008000b44                MCI_Clear_Iqdref
 .text.MCM_Clarke
                0x0000000008000b58       0x54 ./Application/User/mc_math.o
                0x0000000008000b58                MCM_Clarke
 .text.MCM_Trig_Functions
                0x0000000008000bac       0x98 ./Application/User/mc_math.o
                0x0000000008000bac                MCM_Trig_Functions
 .text.MCM_Park
                0x0000000008000c44       0x88 ./Application/User/mc_math.o
                0x0000000008000c44                MCM_Park
 .text.MCM_Rev_Park
                0x0000000008000ccc       0x40 ./Application/User/mc_math.o
                0x0000000008000ccc                MCM_Rev_Park
 .text.FOC_Clear
                0x0000000008000d0c       0x74 ./Application/User/mc_tasks.o
                0x0000000008000d0c                FOC_Clear
 .text.MCboot   0x0000000008000d80      0x1e0 ./Application/User/mc_tasks.o
                0x0000000008000d80                MCboot
 .text.FOC_InitAdditionalMethods
                0x0000000008000f60        0x4 ./Application/User/mc_tasks.o
                0x0000000008000f60                FOC_InitAdditionalMethods
 .text.FOC_CalcCurrRef
                0x0000000008000f64       0x2c ./Application/User/mc_tasks.o
                0x0000000008000f64                FOC_CalcCurrRef
 .text.TSK_SetChargeBootCapDelayM1
                0x0000000008000f90        0xc ./Application/User/mc_tasks.o
                0x0000000008000f90                TSK_SetChargeBootCapDelayM1
 .text.TSK_ChargeBootCapDelayHasElapsedM1
                0x0000000008000f9c       0x14 ./Application/User/mc_tasks.o
                0x0000000008000f9c                TSK_ChargeBootCapDelayHasElapsedM1
 .text.TSK_SetStopPermanencyTimeM1
                0x0000000008000fb0        0xc ./Application/User/mc_tasks.o
                0x0000000008000fb0                TSK_SetStopPermanencyTimeM1
 .text.TSK_StopPermanencyTimeHasElapsedM1
                0x0000000008000fbc       0x14 ./Application/User/mc_tasks.o
                0x0000000008000fbc                TSK_StopPermanencyTimeHasElapsedM1
 .text.TSK_MediumFrequencyTaskM1
                0x0000000008000fd0      0x158 ./Application/User/mc_tasks.o
                0x0000000008000fd0                TSK_MediumFrequencyTaskM1
 .text.MC_Scheduler
                0x0000000008001128       0x58 ./Application/User/mc_tasks.o
                0x0000000008001128                MC_Scheduler
 .text.TSK_HighFrequencyTask
                0x0000000008001180       0xe8 ./Application/User/mc_tasks.o
                0x0000000008001180                TSK_HighFrequencyTask
 .text.TSK_SafetyTask_PWMOFF
                0x0000000008001268       0x98 ./Application/User/mc_tasks.o
                0x0000000008001268                TSK_SafetyTask_PWMOFF
 .text.TSK_SafetyTask
                0x0000000008001300       0x20 ./Application/User/mc_tasks.o
                0x0000000008001300                TSK_SafetyTask
 .text.MC_RunMotorControlTasks
                0x0000000008001320       0x20 ./Application/User/mc_tasks.o
                0x0000000008001320                MC_RunMotorControlTasks
 .text.TSK_HardwareFaultTask
                0x0000000008001340       0x20 ./Application/User/mc_tasks.o
                0x0000000008001340                TSK_HardwareFaultTask
 .text.mc_lock_pins
                0x0000000008001360       0xf8 ./Application/User/mc_tasks.o
                0x0000000008001360                mc_lock_pins
 .text.MCP_ReceivedFrame
                0x0000000008001458      0x6e0 ./Application/User/motor_control_protocol.o
                0x0000000008001458                MCP_ReceivedFrame
 .text.MCP_WaitNextFrame
                0x0000000008001b38       0x1c ./Application/User/motor_control_protocol.o
                0x0000000008001b38                MCP_WaitNextFrame
 .text.MCP_Init
                0x0000000008001b54       0x40 ./Application/User/motor_control_protocol.o
                0x0000000008001b54                MCP_Init
 .text.MCP_OnTimeOut
                0x0000000008001b94        0x8 ./Application/User/motor_control_protocol.o
                0x0000000008001b94                MCP_OnTimeOut
 .text.MCP_SentFrame
                0x0000000008001b9c        0x8 ./Application/User/motor_control_protocol.o
                0x0000000008001b9c                MCP_SentFrame
 .text.MX_MotorControl_Init
                0x0000000008001ba4       0x4c ./Application/User/motorcontrol.o
                0x0000000008001ba4                MX_MotorControl_Init
 .text.RCM_RegisterRegConv
                0x0000000008001bf0      0x1b8 ./Application/User/regular_conversion_manager.o
                0x0000000008001bf0                RCM_RegisterRegConv
 .text.RCM_ExecRegularConv
                0x0000000008001da8       0x74 ./Application/User/regular_conversion_manager.o
                0x0000000008001da8                RCM_ExecRegularConv
 .text.RCM_ExecUserConv
                0x0000000008001e1c       0x50 ./Application/User/regular_conversion_manager.o
                0x0000000008001e1c                RCM_ExecUserConv
 .text.HAL_MspInit
                0x0000000008001e6c       0x3c ./Application/User/stm32f4xx_hal_msp.o
                0x0000000008001e6c                HAL_MspInit
 .text.HAL_ADC_MspInit
                0x0000000008001ea8       0x8c ./Application/User/stm32f4xx_hal_msp.o
                0x0000000008001ea8                HAL_ADC_MspInit
 .text.HAL_TIM_Base_MspInit
                0x0000000008001f34       0xc4 ./Application/User/stm32f4xx_hal_msp.o
                0x0000000008001f34                HAL_TIM_Base_MspInit
 .text.HAL_TIM_MspPostInit
                0x0000000008001ff8       0x8c ./Application/User/stm32f4xx_hal_msp.o
                0x0000000008001ff8                HAL_TIM_MspPostInit
 *fill*         0x0000000008002084        0x4 
 .text.HAL_UART_MspInit
                0x0000000008002088       0x78 ./Application/User/stm32f4xx_hal_msp.o
                0x0000000008002088                HAL_UART_MspInit
 .text.ADC_IRQHandler
                0x0000000008002100       0x1c ./Application/User/stm32f4xx_mc_it.o
                0x0000000008002100                ADC_IRQHandler
 .text.TIM1_UP_TIM10_IRQHandler
                0x000000000800211c       0x14 ./Application/User/stm32f4xx_mc_it.o
                0x000000000800211c                TIM1_UP_TIM10_IRQHandler
 .text.TIM1_BRK_TIM9_IRQHandler
                0x0000000008002130       0x24 ./Application/User/stm32f4xx_mc_it.o
                0x0000000008002130                TIM1_BRK_TIM9_IRQHandler
 .text.TIM2_IRQHandler
                0x0000000008002154       0x38 ./Application/User/stm32f4xx_mc_it.o
                0x0000000008002154                TIM2_IRQHandler
 .text.USART2_IRQHandler
                0x000000000800218c       0x84 ./Application/User/stm32f4xx_mc_it.o
                0x000000000800218c                USART2_IRQHandler
 .text.HardFault_Handler
                0x0000000008002210       0x7c ./Application/User/stm32f4xx_mc_it.o
                0x0000000008002210                HardFault_Handler
 .text.SysTick_Handler
                0x000000000800228c       0x30 ./Application/User/stm32f4xx_mc_it.o
                0x000000000800228c                SysTick_Handler
 .text.UI_TaskInit
                0x00000000080022bc       0x84 ./Application/User/ui_task.o
                0x00000000080022bc                UI_TaskInit
 .text.UI_Scheduler
                0x0000000008002340       0x44 ./Application/User/ui_task.o
                0x0000000008002340                UI_Scheduler
 .text.UI_SerialCommunicationTimeOutStop
                0x0000000008002384        0xc ./Application/User/ui_task.o
                0x0000000008002384                UI_SerialCommunicationTimeOutStop
 .text.UI_SerialCommunicationTimeOutStart
                0x0000000008002390        0xc ./Application/User/ui_task.o
                0x0000000008002390                UI_SerialCommunicationTimeOutStart
 .text.UI_Init  0x000000000800239c       0x10 ./Application/User/user_interface.o
                0x000000000800239c                UI_Init
 .text.UI_SelectMC
                0x00000000080023ac       0x10 ./Application/User/user_interface.o
                0x00000000080023ac                UI_SelectMC
 .text.UI_GetSelectedMC
                0x00000000080023bc        0x4 ./Application/User/user_interface.o
                0x00000000080023bc                UI_GetSelectedMC
 .text.UI_SetReg
                0x00000000080023c0      0x180 ./Application/User/user_interface.o
                0x00000000080023c0                UI_SetReg
 .text.UI_GetReg
                0x0000000008002540      0x408 ./Application/User/user_interface.o
                0x0000000008002540                UI_GetReg
 .text.UI_ExecCmd
                0x0000000008002948       0x78 ./Application/User/user_interface.o
                0x0000000008002948                UI_ExecCmd
 .text.UI_ExecSpeedRamp
                0x00000000080029c0       0x24 ./Application/User/user_interface.o
                0x00000000080029c0                UI_ExecSpeedRamp
 .text.UI_ExecTorqueRamp
                0x00000000080029e4       0x14 ./Application/User/user_interface.o
                0x00000000080029e4                UI_ExecTorqueRamp
 .text.UI_GetRevupData
                0x00000000080029f8       0x3c ./Application/User/user_interface.o
                0x00000000080029f8                UI_GetRevupData
 .text.UI_SetRevupData
                0x0000000008002a34       0x38 ./Application/User/user_interface.o
                0x0000000008002a34                UI_SetRevupData
 .text.UI_SetCurrentReferences
                0x0000000008002a6c       0x1c ./Application/User/user_interface.o
                0x0000000008002a6c                UI_SetCurrentReferences
 .text.UI_GetMPInfo
                0x0000000008002a88        0x4 ./Application/User/user_interface.o
                0x0000000008002a88                UI_GetMPInfo
 .text.SystemInit
                0x0000000008002a8c       0x1c ./Drivers/CMSIS/system_stm32f4xx.o
                0x0000000008002a8c                SystemInit
 .text.HAL_InitTick
                0x0000000008002aa8       0x48 ./Drivers/STM32F4xx_HAL_Driver/stm32f4xx_hal.o
                0x0000000008002aa8                HAL_InitTick
 .text.HAL_Init
                0x0000000008002af0       0x34 ./Drivers/STM32F4xx_HAL_Driver/stm32f4xx_hal.o
                0x0000000008002af0                HAL_Init
 .text.HAL_IncTick
                0x0000000008002b24       0x18 ./Drivers/STM32F4xx_HAL_Driver/stm32f4xx_hal.o
                0x0000000008002b24                HAL_IncTick
 .text.HAL_GetTick
                0x0000000008002b3c        0xc ./Drivers/STM32F4xx_HAL_Driver/stm32f4xx_hal.o
                0x0000000008002b3c                HAL_GetTick
 .text.HAL_ADC_Init
                0x0000000008002b48      0x15c ./Drivers/STM32F4xx_HAL_Driver/stm32f4xx_hal_adc.o
                0x0000000008002b48                HAL_ADC_Init
 .text.HAL_ADC_ConfigChannel
                0x0000000008002ca4      0x15c ./Drivers/STM32F4xx_HAL_Driver/stm32f4xx_hal_adc.o
                0x0000000008002ca4                HAL_ADC_ConfigChannel
 .text.HAL_ADCEx_InjectedConfigChannel
                0x0000000008002e00      0x1b0 ./Drivers/STM32F4xx_HAL_Driver/stm32f4xx_hal_adc_ex.o
                0x0000000008002e00                HAL_ADCEx_InjectedConfigChannel
 .text.HAL_NVIC_SetPriorityGrouping
                0x0000000008002fb0       0x24 ./Drivers/STM32F4xx_HAL_Driver/stm32f4xx_hal_cortex.o
                0x0000000008002fb0                HAL_NVIC_SetPriorityGrouping
 .text.HAL_NVIC_SetPriority
                0x0000000008002fd4       0x7c ./Drivers/STM32F4xx_HAL_Driver/stm32f4xx_hal_cortex.o
                0x0000000008002fd4                HAL_NVIC_SetPriority
 .text.HAL_NVIC_EnableIRQ
                0x0000000008003050       0x1c ./Drivers/STM32F4xx_HAL_Driver/stm32f4xx_hal_cortex.o
                0x0000000008003050                HAL_NVIC_EnableIRQ
 .text.HAL_SYSTICK_Config
                0x000000000800306c       0x34 ./Drivers/STM32F4xx_HAL_Driver/stm32f4xx_hal_cortex.o
                0x000000000800306c                HAL_SYSTICK_Config
 .text.HAL_SYSTICK_Callback
                0x00000000080030a0        0x4 ./Drivers/STM32F4xx_HAL_Driver/stm32f4xx_hal_cortex.o
                0x00000000080030a0                HAL_SYSTICK_Callback
 .text.HAL_SYSTICK_IRQHandler
                0x00000000080030a4        0x8 ./Drivers/STM32F4xx_HAL_Driver/stm32f4xx_hal_cortex.o
                0x00000000080030a4                HAL_SYSTICK_IRQHandler
 .text.HAL_GPIO_Init
                0x00000000080030ac      0x204 ./Drivers/STM32F4xx_HAL_Driver/stm32f4xx_hal_gpio.o
                0x00000000080030ac                HAL_GPIO_Init
 .text.HAL_RCC_OscConfig
                0x00000000080032b0      0x3b8 ./Drivers/STM32F4xx_HAL_Driver/stm32f4xx_hal_rcc.o
                0x00000000080032b0                HAL_RCC_OscConfig
 .text.HAL_RCC_EnableCSS
                0x0000000008003668        0xc ./Drivers/STM32F4xx_HAL_Driver/stm32f4xx_hal_rcc.o
                0x0000000008003668                HAL_RCC_EnableCSS
 .text.HAL_RCC_GetSysClockFreq
                0x0000000008003674       0x4c ./Drivers/STM32F4xx_HAL_Driver/stm32f4xx_hal_rcc.o
                0x0000000008003674                HAL_RCC_GetSysClockFreq
 .text.HAL_RCC_ClockConfig
                0x00000000080036c0      0x13c ./Drivers/STM32F4xx_HAL_Driver/stm32f4xx_hal_rcc.o
                0x00000000080036c0                HAL_RCC_ClockConfig
 .text.HAL_RCC_GetHCLKFreq
                0x00000000080037fc        0xc ./Drivers/STM32F4xx_HAL_Driver/stm32f4xx_hal_rcc.o
                0x00000000080037fc                HAL_RCC_GetHCLKFreq
 .text.HAL_RCC_GetPCLK1Freq
                0x0000000008003808       0x20 ./Drivers/STM32F4xx_HAL_Driver/stm32f4xx_hal_rcc.o
                0x0000000008003808                HAL_RCC_GetPCLK1Freq
 .text.HAL_RCC_GetPCLK2Freq
                0x0000000008003828       0x20 ./Drivers/STM32F4xx_HAL_Driver/stm32f4xx_hal_rcc.o
                0x0000000008003828                HAL_RCC_GetPCLK2Freq
 .text.HAL_TIM_Base_Init
                0x0000000008003848       0xd8 ./Drivers/STM32F4xx_HAL_Driver/stm32f4xx_hal_tim.o
                0x0000000008003848                HAL_TIM_Base_Init
 .text.HAL_TIM_PWM_MspInit
                0x0000000008003920        0x4 ./Drivers/STM32F4xx_HAL_Driver/stm32f4xx_hal_tim.o
                0x0000000008003920                HAL_TIM_PWM_MspInit
 .text.HAL_TIM_PWM_Init
                0x0000000008003924       0xd8 ./Drivers/STM32F4xx_HAL_Driver/stm32f4xx_hal_tim.o
                0x0000000008003924                HAL_TIM_PWM_Init
 .text.HAL_TIM_PWM_ConfigChannel
                0x00000000080039fc      0x1e4 ./Drivers/STM32F4xx_HAL_Driver/stm32f4xx_hal_tim.o
                0x00000000080039fc                HAL_TIM_PWM_ConfigChannel
 .text.HAL_TIM_ConfigClockSource
                0x0000000008003be0      0x148 ./Drivers/STM32F4xx_HAL_Driver/stm32f4xx_hal_tim.o
                0x0000000008003be0                HAL_TIM_ConfigClockSource
 .text.HAL_TIM_SlaveConfigSynchro
                0x0000000008003d28       0xf4 ./Drivers/STM32F4xx_HAL_Driver/stm32f4xx_hal_tim.o
                0x0000000008003d28                HAL_TIM_SlaveConfigSynchro
 .text.TIM_Base_SetConfig
                0x0000000008003e1c       0xb0 ./Drivers/STM32F4xx_HAL_Driver/stm32f4xx_hal_tim.o
                0x0000000008003e1c                TIM_Base_SetConfig
 .text.TIM_OC2_SetConfig
                0x0000000008003ecc       0x5c ./Drivers/STM32F4xx_HAL_Driver/stm32f4xx_hal_tim.o
                0x0000000008003ecc                TIM_OC2_SetConfig
 .text.TIM_TI1_SetConfig
                0x0000000008003f28       0x68 ./Drivers/STM32F4xx_HAL_Driver/stm32f4xx_hal_tim.o
                0x0000000008003f28                TIM_TI1_SetConfig
 .text.HAL_TIMEx_HallSensor_MspInit
                0x0000000008003f90        0x4 ./Drivers/STM32F4xx_HAL_Driver/stm32f4xx_hal_tim_ex.o
                0x0000000008003f90                HAL_TIMEx_HallSensor_MspInit
 .text.HAL_TIMEx_HallSensor_Init
                0x0000000008003f94       0xb8 ./Drivers/STM32F4xx_HAL_Driver/stm32f4xx_hal_tim_ex.o
                0x0000000008003f94                HAL_TIMEx_HallSensor_Init
 .text.HAL_TIMEx_MasterConfigSynchronization
                0x000000000800404c       0x70 ./Drivers/STM32F4xx_HAL_Driver/stm32f4xx_hal_tim_ex.o
                0x000000000800404c                HAL_TIMEx_MasterConfigSynchronization
 .text.HAL_TIMEx_ConfigBreakDeadTime
                0x00000000080040bc       0x54 ./Drivers/STM32F4xx_HAL_Driver/stm32f4xx_hal_tim_ex.o
                0x00000000080040bc                HAL_TIMEx_ConfigBreakDeadTime
 .text.HAL_UART_Init
                0x0000000008004110      0x170 ./Drivers/STM32F4xx_HAL_Driver/stm32f4xx_hal_uart.o
                0x0000000008004110                HAL_UART_Init
 .text.VBS_GetAvBusVoltage_V
                0x0000000008004280        0xc ./Middlewares/MotorControl/bus_voltage_sensor.o
                0x0000000008004280                VBS_GetAvBusVoltage_V
 .text.Circle_Limitation
                0x000000000800428c       0x60 ./Middlewares/MotorControl/circle_limitation.o
                0x000000000800428c                Circle_Limitation
 .text.FCP_Init
                0x00000000080042ec       0x18 ./Middlewares/MotorControl/frame_communication_protocol.o
                0x00000000080042ec                FCP_Init
 .text.FCP_SetClient
                0x0000000008004304       0x10 ./Middlewares/MotorControl/frame_communication_protocol.o
                0x0000000008004304                FCP_SetClient
 .text.FCP_CalcCRC
                0x0000000008004314       0x2c ./Middlewares/MotorControl/frame_communication_protocol.o
                0x0000000008004314                FCP_CalcCRC
 .text.HALL_Init
                0x0000000008004340      0x11c ./Middlewares/MotorControl/hall_speed_pos_fdbk.o
                0x0000000008004340                HALL_Init
 .text.HALL_Clear
                0x000000000800445c      0x154 ./Middlewares/MotorControl/hall_speed_pos_fdbk.o
                0x000000000800445c                HALL_Clear
 .text.HALL_CalcElAngle
                0x00000000080045b0       0x3c ./Middlewares/MotorControl/hall_speed_pos_fdbk.o
                0x00000000080045b0                HALL_CalcElAngle
 .text.HALL_CalcAvrgMecSpeedUnit
                0x00000000080045ec       0x94 ./Middlewares/MotorControl/hall_speed_pos_fdbk.o
                0x00000000080045ec                HALL_CalcAvrgMecSpeedUnit
 .text.HALL_TIMx_CC_IRQHandler
                0x0000000008004680      0x34c ./Middlewares/MotorControl/hall_speed_pos_fdbk.o
                0x0000000008004680                HALL_TIMx_CC_IRQHandler
 .text.HALL_TIMx_UP_IRQHandler
                0x00000000080049cc      0x174 ./Middlewares/MotorControl/hall_speed_pos_fdbk.o
                0x00000000080049cc                HALL_TIMx_UP_IRQHandler
 .text.MPM_Clear
                0x0000000008004b40       0x18 ./Middlewares/MotorControl/motor_power_measurement.o
                0x0000000008004b40                MPM_Clear
 .text.MPM_CalcElMotorPower
                0x0000000008004b58       0x40 ./Middlewares/MotorControl/motor_power_measurement.o
                0x0000000008004b58                MPM_CalcElMotorPower
 .text.MPM_GetAvrgElMotorPowerW
                0x0000000008004b98        0x8 ./Middlewares/MotorControl/motor_power_measurement.o
                0x0000000008004b98                MPM_GetAvrgElMotorPowerW
 .text.NTC_SetFaultState
                0x0000000008004ba0       0x1c ./Middlewares/MotorControl/ntc_temperature_sensor.o
                0x0000000008004ba0                NTC_SetFaultState
 .text.NTC_Clear
                0x0000000008004bbc        0x8 ./Middlewares/MotorControl/ntc_temperature_sensor.o
                0x0000000008004bbc                NTC_Clear
 .text.NTC_Init
                0x0000000008004bc4       0x24 ./Middlewares/MotorControl/ntc_temperature_sensor.o
                0x0000000008004bc4                NTC_Init
 .text.NTC_CalcAvTemp
                0x0000000008004be8       0x38 ./Middlewares/MotorControl/ntc_temperature_sensor.o
                0x0000000008004be8                NTC_CalcAvTemp
 .text.NTC_GetAvTemp_C
                0x0000000008004c20       0x2c ./Middlewares/MotorControl/ntc_temperature_sensor.o
                0x0000000008004c20                NTC_GetAvTemp_C
 .text.PID_HandleInit
                0x0000000008004c4c       0x10 ./Middlewares/MotorControl/pid_regulator.o
                0x0000000008004c4c                PID_HandleInit
 .text.PID_SetKP
                0x0000000008004c5c        0x4 ./Middlewares/MotorControl/pid_regulator.o
                0x0000000008004c5c                PID_SetKP
 .text.PID_SetKI
                0x0000000008004c60        0x4 ./Middlewares/MotorControl/pid_regulator.o
                0x0000000008004c60                PID_SetKI
 .text.PID_GetKP
                0x0000000008004c64        0x8 ./Middlewares/MotorControl/pid_regulator.o
                0x0000000008004c64                PID_GetKP
 .text.PID_GetKI
                0x0000000008004c6c        0x8 ./Middlewares/MotorControl/pid_regulator.o
                0x0000000008004c6c                PID_GetKI
 .text.PID_SetIntegralTerm
                0x0000000008004c74        0x4 ./Middlewares/MotorControl/pid_regulator.o
                0x0000000008004c74                PID_SetIntegralTerm
 .text.PID_GetKPDivisor
                0x0000000008004c78        0x4 ./Middlewares/MotorControl/pid_regulator.o
                0x0000000008004c78                PID_GetKPDivisor
 .text.PID_GetKIDivisor
                0x0000000008004c7c        0x4 ./Middlewares/MotorControl/pid_regulator.o
                0x0000000008004c7c                PID_GetKIDivisor
 .text.PID_SetKD
                0x0000000008004c80        0x4 ./Middlewares/MotorControl/pid_regulator.o
                0x0000000008004c80                PID_SetKD
 .text.PID_GetKD
                0x0000000008004c84        0x8 ./Middlewares/MotorControl/pid_regulator.o
                0x0000000008004c84                PID_GetKD
 .text.PI_Controller
                0x0000000008004c8c       0x8c ./Middlewares/MotorControl/pid_regulator.o
                0x0000000008004c8c                PI_Controller
 .text.PQD_CalcElMotorPower
                0x0000000008004d18       0x6c ./Middlewares/MotorControl/pqd_motor_power_measurement.o
                0x0000000008004d18                PQD_CalcElMotorPower
 .text.startTimers
                0x0000000008004d84       0x64 ./Middlewares/MotorControl/pwm_common.o
                0x0000000008004d84                startTimers
 .text.waitForPolarizationEnd
                0x0000000008004de8       0x48 ./Middlewares/MotorControl/pwm_common.o
                0x0000000008004de8                waitForPolarizationEnd
 .text.PWMC_GetPhaseCurrents
                0x0000000008004e30        0x4 ./Middlewares/MotorControl/pwm_curr_fdbk.o
                0x0000000008004e30                PWMC_GetPhaseCurrents
 .text.PWMC_SetPhaseVoltage
                0x0000000008004e34      0x26c ./Middlewares/MotorControl/pwm_curr_fdbk.o
                0x0000000008004e34                PWMC_SetPhaseVoltage
 .text.PWMC_SwitchOffPWM
                0x00000000080050a0        0x4 ./Middlewares/MotorControl/pwm_curr_fdbk.o
                0x00000000080050a0                PWMC_SwitchOffPWM
 .text.PWMC_CurrentReadingCalibr
                0x00000000080050a4       0x54 ./Middlewares/MotorControl/pwm_curr_fdbk.o
                0x00000000080050a4                PWMC_CurrentReadingCalibr
 .text.PWMC_CheckOverCurrent
                0x00000000080050f8        0x4 ./Middlewares/MotorControl/pwm_curr_fdbk.o
                0x00000000080050f8                PWMC_CheckOverCurrent
 .text.R3_1_GetPhaseCurrents
                0x00000000080050fc      0x190 ./Middlewares/MotorControl/r3_1_f4xx_pwm_curr_fdbk.o
                0x00000000080050fc                R3_1_GetPhaseCurrents
 .text.R3_1_HFCurrentsCalibrationAB
                0x000000000800528c       0x48 ./Middlewares/MotorControl/r3_1_f4xx_pwm_curr_fdbk.o
                0x000000000800528c                R3_1_HFCurrentsCalibrationAB
 .text.R3_1_HFCurrentsCalibrationC
                0x00000000080052d4       0x40 ./Middlewares/MotorControl/r3_1_f4xx_pwm_curr_fdbk.o
                0x00000000080052d4                R3_1_HFCurrentsCalibrationC
 .text.R3_1_TurnOnLowSides
                0x0000000008005314       0x54 ./Middlewares/MotorControl/r3_1_f4xx_pwm_curr_fdbk.o
                0x0000000008005314                R3_1_TurnOnLowSides
 .text.R3_1_SwitchOnPWM
                0x0000000008005368       0x94 ./Middlewares/MotorControl/r3_1_f4xx_pwm_curr_fdbk.o
                0x0000000008005368                R3_1_SwitchOnPWM
 .text.R3_1_SwitchOffPWM
                0x00000000080053fc       0x70 ./Middlewares/MotorControl/r3_1_f4xx_pwm_curr_fdbk.o
                0x00000000080053fc                R3_1_SwitchOffPWM
 .text.R3_1_RLGetPhaseCurrents
                0x000000000800546c       0x54 ./Middlewares/MotorControl/r3_1_f4xx_pwm_curr_fdbk.o
                0x000000000800546c                R3_1_RLGetPhaseCurrents
 .text.R3_1_RLTurnOnLowSides
                0x00000000080054c0       0x48 ./Middlewares/MotorControl/r3_1_f4xx_pwm_curr_fdbk.o
                0x00000000080054c0                R3_1_RLTurnOnLowSides
 .text.R3_1_RLSwitchOnPWM
                0x0000000008005508       0xa4 ./Middlewares/MotorControl/r3_1_f4xx_pwm_curr_fdbk.o
                0x0000000008005508                R3_1_RLSwitchOnPWM
 .text.R3_1_Init
                0x00000000080055ac       0xa0 ./Middlewares/MotorControl/r3_1_f4xx_pwm_curr_fdbk.o
                0x00000000080055ac                R3_1_Init
 .text.R3_1_CurrentReadingCalibration
                0x000000000800564c      0x104 ./Middlewares/MotorControl/r3_1_f4xx_pwm_curr_fdbk.o
                0x000000000800564c                R3_1_CurrentReadingCalibration
 .text.R3_1_WriteTIMRegisters
                0x0000000008005750       0x2c ./Middlewares/MotorControl/r3_1_f4xx_pwm_curr_fdbk.o
                0x0000000008005750                R3_1_WriteTIMRegisters
 .text.R3_1_SetADCSampPointCalibration
                0x000000000800577c       0x20 ./Middlewares/MotorControl/r3_1_f4xx_pwm_curr_fdbk.o
                0x000000000800577c                R3_1_SetADCSampPointCalibration
 .text.R3_1_SetADCSampPointSectX
                0x000000000800579c       0x68 ./Middlewares/MotorControl/r3_1_f4xx_pwm_curr_fdbk.o
                0x000000000800579c                R3_1_SetADCSampPointSectX
 .text.R3_1_TIMx_UP_IRQHandler
                0x0000000008005804       0x3c ./Middlewares/MotorControl/r3_1_f4xx_pwm_curr_fdbk.o
                0x0000000008005804                R3_1_TIMx_UP_IRQHandler
 .text.R3_1_BRK_IRQHandler
                0x0000000008005840       0x40 ./Middlewares/MotorControl/r3_1_f4xx_pwm_curr_fdbk.o
                0x0000000008005840                R3_1_BRK_IRQHandler
 .text.R3_1_IsOverCurrentOccurred
                0x0000000008005880       0x14 ./Middlewares/MotorControl/r3_1_f4xx_pwm_curr_fdbk.o
                0x0000000008005880                R3_1_IsOverCurrentOccurred
 .text.R3_1_RLDetectionModeEnable
                0x0000000008005894       0xbc ./Middlewares/MotorControl/r3_1_f4xx_pwm_curr_fdbk.o
                0x0000000008005894                R3_1_RLDetectionModeEnable
 .text.R3_1_RLDetectionModeDisable
                0x0000000008005950      0x144 ./Middlewares/MotorControl/r3_1_f4xx_pwm_curr_fdbk.o
                0x0000000008005950                R3_1_RLDetectionModeDisable
 .text.R3_1_RLDetectionModeSetDuty
                0x0000000008005a94       0x30 ./Middlewares/MotorControl/r3_1_f4xx_pwm_curr_fdbk.o
                0x0000000008005a94                R3_1_RLDetectionModeSetDuty
 .text.RVBS_Clear
                0x0000000008005ac4       0x40 ./Middlewares/MotorControl/r_divider_bus_voltage_sensor.o
                0x0000000008005ac4                RVBS_Clear
 .text.RVBS_Init
                0x0000000008005b04       0x18 ./Middlewares/MotorControl/r_divider_bus_voltage_sensor.o
                0x0000000008005b04                RVBS_Init
 .text.RVBS_CheckFaultState
                0x0000000008005b1c       0x18 ./Middlewares/MotorControl/r_divider_bus_voltage_sensor.o
                0x0000000008005b1c                RVBS_CheckFaultState
 .text.RVBS_CalcAvVbus
                0x0000000008005b34       0x6c ./Middlewares/MotorControl/r_divider_bus_voltage_sensor.o
                0x0000000008005b34                RVBS_CalcAvVbus
 .text.REMNG_Init
                0x0000000008005ba0       0x10 ./Middlewares/MotorControl/ramp_ext_mngr.o
                0x0000000008005ba0                REMNG_Init
 .text.SPD_GetElAngle
                0x0000000008005bb0        0x8 ./Middlewares/MotorControl/speed_pos_fdbk.o
                0x0000000008005bb0                SPD_GetElAngle
 .text.SPD_GetAvrgMecSpeedUnit
                0x0000000008005bb8        0x8 ./Middlewares/MotorControl/speed_pos_fdbk.o
                0x0000000008005bb8                SPD_GetAvrgMecSpeedUnit
 .text.SPD_GetInstElSpeedDpp
                0x0000000008005bc0        0x8 ./Middlewares/MotorControl/speed_pos_fdbk.o
                0x0000000008005bc0                SPD_GetInstElSpeedDpp
 .text.SPD_IsMecSpeedReliable
                0x0000000008005bc8       0x6c ./Middlewares/MotorControl/speed_pos_fdbk.o
                0x0000000008005bc8                SPD_IsMecSpeedReliable
 .text.SPD_GetS16Speed
                0x0000000008005c34       0x14 ./Middlewares/MotorControl/speed_pos_fdbk.o
                0x0000000008005c34                SPD_GetS16Speed
 .text.STC_Init
                0x0000000008005c48       0x2c ./Middlewares/MotorControl/speed_torq_ctrl.o
                0x0000000008005c48                STC_Init
 .text.STC_GetSpeedSensor
                0x0000000008005c74        0x4 ./Middlewares/MotorControl/speed_torq_ctrl.o
                0x0000000008005c74                STC_GetSpeedSensor
 .text.STC_Clear
                0x0000000008005c78       0x10 ./Middlewares/MotorControl/speed_torq_ctrl.o
                0x0000000008005c78                STC_Clear
 .text.STC_GetMecSpeedRefUnit
                0x0000000008005c88       0x10 ./Middlewares/MotorControl/speed_torq_ctrl.o
                0x0000000008005c88                STC_GetMecSpeedRefUnit
 .text.STC_GetTorqueRef
                0x0000000008005c98       0x10 ./Middlewares/MotorControl/speed_torq_ctrl.o
                0x0000000008005c98                STC_GetTorqueRef
 .text.STC_SetControlMode
                0x0000000008005ca8        0x8 ./Middlewares/MotorControl/speed_torq_ctrl.o
                0x0000000008005ca8                STC_SetControlMode
 .text.STC_ExecRamp
                0x0000000008005cb0       0x90 ./Middlewares/MotorControl/speed_torq_ctrl.o
                0x0000000008005cb0                STC_ExecRamp
 .text.STC_StopRamp
                0x0000000008005d40        0x8 ./Middlewares/MotorControl/speed_torq_ctrl.o
                0x0000000008005d40                STC_StopRamp
 .text.STC_CalcTorqueReference
                0x0000000008005d48       0x64 ./Middlewares/MotorControl/speed_torq_ctrl.o
                0x0000000008005d48                STC_CalcTorqueReference
 .text.STC_GetMecSpeedRefUnitDefault
                0x0000000008005dac        0x8 ./Middlewares/MotorControl/speed_torq_ctrl.o
                0x0000000008005dac                STC_GetMecSpeedRefUnitDefault
 .text.STC_GetMaxAppPositiveMecSpeedUnit
                0x0000000008005db4        0x4 ./Middlewares/MotorControl/speed_torq_ctrl.o
                0x0000000008005db4                STC_GetMaxAppPositiveMecSpeedUnit
 .text.STC_GetMinAppNegativeMecSpeedUnit
                0x0000000008005db8        0x8 ./Middlewares/MotorControl/speed_torq_ctrl.o
                0x0000000008005db8                STC_GetMinAppNegativeMecSpeedUnit
 .text.STC_GetDefaultIqdref
                0x0000000008005dc0       0x1c ./Middlewares/MotorControl/speed_torq_ctrl.o
                0x0000000008005dc0                STC_GetDefaultIqdref
 .text.STC_ForceSpeedReferenceToCurrentSpeed
                0x0000000008005ddc       0x10 ./Middlewares/MotorControl/speed_torq_ctrl.o
                0x0000000008005ddc                STC_ForceSpeedReferenceToCurrentSpeed
 .text.STM_Init
                0x0000000008005dec        0xc ./Middlewares/MotorControl/state_machine.o
                0x0000000008005dec                STM_Init
 .text.STM_FaultProcessing
                0x0000000008005df8       0x38 ./Middlewares/MotorControl/state_machine.o
                0x0000000008005df8                STM_FaultProcessing
 .text.STM_NextState
                0x0000000008005e30       0xe8 ./Middlewares/MotorControl/state_machine.o
                0x0000000008005e30                STM_NextState
 .text.STM_GetState
                0x0000000008005f18        0x4 ./Middlewares/MotorControl/state_machine.o
                0x0000000008005f18                STM_GetState
 .text.STM_FaultAcknowledged
                0x0000000008005f1c       0x18 ./Middlewares/MotorControl/state_machine.o
                0x0000000008005f1c                STM_FaultAcknowledged
 .text.STM_GetFaultState
                0x0000000008005f34        0xc ./Middlewares/MotorControl/state_machine.o
                0x0000000008005f34                STM_GetFaultState
 .text.UFCP_Init
                0x0000000008005f40        0x4 ./Middlewares/MotorControl/usart_frame_communication_protocol.o
                0x0000000008005f40                UFCP_Init
 .text.UFCP_TX_IRQ_Handler
                0x0000000008005f44       0x5c ./Middlewares/MotorControl/usart_frame_communication_protocol.o
                0x0000000008005f44                UFCP_TX_IRQ_Handler
 .text.UFCP_Receive
                0x0000000008005fa0       0x20 ./Middlewares/MotorControl/usart_frame_communication_protocol.o
                0x0000000008005fa0                UFCP_Receive
 .text.UFCP_Send
                0x0000000008005fc0       0xb0 ./Middlewares/MotorControl/usart_frame_communication_protocol.o
                0x0000000008005fc0                UFCP_Send
 .text.UFCP_RX_IRQ_Handler
                0x0000000008006070       0xc8 ./Middlewares/MotorControl/usart_frame_communication_protocol.o
                0x0000000008006070                UFCP_RX_IRQ_Handler
 .text.UFCP_OVR_IRQ_Handler
                0x0000000008006138       0x20 ./Middlewares/MotorControl/usart_frame_communication_protocol.o
                0x0000000008006138                UFCP_OVR_IRQ_Handler
 .text.UFCP_AbortReceive
                0x0000000008006158        0x8 ./Middlewares/MotorControl/usart_frame_communication_protocol.o
                0x0000000008006158                UFCP_AbortReceive
 .text.RUC_SetPhaseDurationms
                0x0000000008006160        0xc ../../MCSDK_v5.4.5/MotorControl/lib\libmc-gcc_M4_NoCCMRAM.lib(revup_ctrl.o)
                0x0000000008006160                RUC_SetPhaseDurationms
 .text.RUC_SetPhaseFinalMecSpeedUnit
                0x000000000800616c        0xc ../../MCSDK_v5.4.5/MotorControl/lib\libmc-gcc_M4_NoCCMRAM.lib(revup_ctrl.o)
                0x000000000800616c                RUC_SetPhaseFinalMecSpeedUnit
 .text.RUC_SetPhaseFinalTorque
                0x0000000008006178        0xc ../../MCSDK_v5.4.5/MotorControl/lib\libmc-gcc_M4_NoCCMRAM.lib(revup_ctrl.o)
                0x0000000008006178                RUC_SetPhaseFinalTorque
 .text.RUC_GetPhaseDurationms
                0x0000000008006184        0xc ../../MCSDK_v5.4.5/MotorControl/lib\libmc-gcc_M4_NoCCMRAM.lib(revup_ctrl.o)
                0x0000000008006184                RUC_GetPhaseDurationms
 .text.RUC_GetPhaseFinalMecSpeedUnit
                0x0000000008006190       0x10 ../../MCSDK_v5.4.5/MotorControl/lib\libmc-gcc_M4_NoCCMRAM.lib(revup_ctrl.o)
                0x0000000008006190                RUC_GetPhaseFinalMecSpeedUnit
 .text.RUC_GetPhaseFinalTorque
                0x00000000080061a0       0x10 ../../MCSDK_v5.4.5/MotorControl/lib\libmc-gcc_M4_NoCCMRAM.lib(revup_ctrl.o)
                0x00000000080061a0                RUC_GetPhaseFinalTorque
 .text.RUC_GetNumberOfPhases
                0x00000000080061b0        0x8 ../../MCSDK_v5.4.5/MotorControl/lib\libmc-gcc_M4_NoCCMRAM.lib(revup_ctrl.o)
                0x00000000080061b0                RUC_GetNumberOfPhases
 .text.__libc_init_array
                0x00000000080061b8       0x48 c:/st/stm32cubeide_1.6.1/stm32cubeide/plugins/com.st.stm32cube.ide.mcu.externaltools.gnu-tools-for-stm32.10.3-2021.10.win32_1.0.0.202111181127/tools/bin/../lib/gcc/arm-none-eabi/10.3.1/../../../../arm-none-eabi/lib/thumb/v7e-m+fp/hard\libc_nano.a(lib_a-init.o)
                0x00000000080061b8                __libc_init_array
 .text.memset   0x0000000008006200       0x10 c:/st/stm32cubeide_1.6.1/stm32cubeide/plugins/com.st.stm32cube.ide.mcu.externaltools.gnu-tools-for-stm32.10.3-2021.10.win32_1.0.0.202111181127/tools/bin/../lib/gcc/arm-none-eabi/10.3.1/../../../../arm-none-eabi/lib/thumb/v7e-m+fp/hard\libc_nano.a(lib_a-memset.o)
                0x0000000008006200                memset
 *(.glue_7)
 .glue_7        0x0000000008006210        0x0 linker stubs
 *(.glue_7t)
 .glue_7t       0x0000000008006210        0x0 linker stubs
 *(.eh_frame)
 .eh_frame      0x0000000008006210        0x0 c:/st/stm32cubeide_1.6.1/stm32cubeide/plugins/com.st.stm32cube.ide.mcu.externaltools.gnu-tools-for-stm32.10.3-2021.10.win32_1.0.0.202111181127/tools/bin/../lib/gcc/arm-none-eabi/10.3.1/thumb/v7e-m+fp/hard/crtbegin.o
 *(.init)
 .init          0x0000000008006210        0x4 c:/st/stm32cubeide_1.6.1/stm32cubeide/plugins/com.st.stm32cube.ide.mcu.externaltools.gnu-tools-for-stm32.10.3-2021.10.win32_1.0.0.202111181127/tools/bin/../lib/gcc/arm-none-eabi/10.3.1/thumb/v7e-m+fp/hard/crti.o
                0x0000000008006210                _init
 .init          0x0000000008006214        0x8 c:/st/stm32cubeide_1.6.1/stm32cubeide/plugins/com.st.stm32cube.ide.mcu.externaltools.gnu-tools-for-stm32.10.3-2021.10.win32_1.0.0.202111181127/tools/bin/../lib/gcc/arm-none-eabi/10.3.1/thumb/v7e-m+fp/hard/crtn.o
 *(.fini)
 .fini          0x000000000800621c        0x4 c:/st/stm32cubeide_1.6.1/stm32cubeide/plugins/com.st.stm32cube.ide.mcu.externaltools.gnu-tools-for-stm32.10.3-2021.10.win32_1.0.0.202111181127/tools/bin/../lib/gcc/arm-none-eabi/10.3.1/thumb/v7e-m+fp/hard/crti.o
                0x000000000800621c                _fini
 .fini          0x0000000008006220        0x8 c:/st/stm32cubeide_1.6.1/stm32cubeide/plugins/com.st.stm32cube.ide.mcu.externaltools.gnu-tools-for-stm32.10.3-2021.10.win32_1.0.0.202111181127/tools/bin/../lib/gcc/arm-none-eabi/10.3.1/thumb/v7e-m+fp/hard/crtn.o
                0x0000000008006228                . = ALIGN (0x4)
                0x0000000008006228                _etext = .

.vfp11_veneer   0x0000000008006228        0x0
 .vfp11_veneer  0x0000000008006228        0x0 linker stubs

.v4_bx          0x0000000008006228        0x0
 .v4_bx         0x0000000008006228        0x0 linker stubs

.iplt           0x0000000008006228        0x0
 .iplt          0x0000000008006228        0x0 c:/st/stm32cubeide_1.6.1/stm32cubeide/plugins/com.st.stm32cube.ide.mcu.externaltools.gnu-tools-for-stm32.10.3-2021.10.win32_1.0.0.202111181127/tools/bin/../lib/gcc/arm-none-eabi/10.3.1/thumb/v7e-m+fp/hard/crtbegin.o

.rodata         0x0000000008006228      0x2b0
                0x0000000008006228                . = ALIGN (0x4)
 *(.rodata)
 *(.rodata*)
 .rodata.hSin_Cos_Table
                0x0000000008006228      0x200 ./Application/User/mc_math.o
                0x0000000008006228                hSin_Cos_Table
 .rodata.R3_1_ParamsM1
                0x0000000008006428       0x70 ./Application/User/mc_parameters.o
                0x0000000008006428                R3_1_ParamsM1
 .rodata.s_fwVer
                0x0000000008006498       0x20 ./Application/User/motorcontrol.o
                0x0000000008006498                s_fwVer
 .rodata.AHBPrescTable
                0x00000000080064b8       0x10 ./Drivers/CMSIS/system_stm32f4xx.o
                0x00000000080064b8                AHBPrescTable
 .rodata.APBPrescTable
                0x00000000080064c8        0x8 ./Drivers/CMSIS/system_stm32f4xx.o
                0x00000000080064c8                APBPrescTable
 .rodata.UFCP_Usart_Timeout_none
                0x00000000080064d0        0x2 ./Middlewares/MotorControl/usart_frame_communication_protocol.o
 .rodata.UFCP_Usart_Timeout_start
                0x00000000080064d2        0x2 ./Middlewares/MotorControl/usart_frame_communication_protocol.o
 .rodata.UFCP_Usart_Timeout_stop
                0x00000000080064d4        0x2 ./Middlewares/MotorControl/usart_frame_communication_protocol.o
                0x00000000080064d8                . = ALIGN (0x4)
 *fill*         0x00000000080064d6        0x2 

.ARM.extab      0x00000000080064d8        0x0
                0x00000000080064d8                . = ALIGN (0x4)
 *(.ARM.extab* .gnu.linkonce.armextab.*)
                0x00000000080064d8                . = ALIGN (0x4)

.ARM            0x00000000080064d8        0x8
                0x00000000080064d8                . = ALIGN (0x4)
                0x00000000080064d8                __exidx_start = .
 *(.ARM.exidx*)
 .ARM.exidx     0x00000000080064d8        0x8 c:/st/stm32cubeide_1.6.1/stm32cubeide/plugins/com.st.stm32cube.ide.mcu.externaltools.gnu-tools-for-stm32.10.3-2021.10.win32_1.0.0.202111181127/tools/bin/../lib/gcc/arm-none-eabi/10.3.1/thumb/v7e-m+fp/hard\libgcc.a(_udivmoddi4.o)
                0x00000000080064e0                __exidx_end = .
                0x00000000080064e0                . = ALIGN (0x4)

.rel.dyn        0x00000000080064e0        0x0
 .rel.iplt      0x00000000080064e0        0x0 c:/st/stm32cubeide_1.6.1/stm32cubeide/plugins/com.st.stm32cube.ide.mcu.externaltools.gnu-tools-for-stm32.10.3-2021.10.win32_1.0.0.202111181127/tools/bin/../lib/gcc/arm-none-eabi/10.3.1/thumb/v7e-m+fp/hard/crtbegin.o

.preinit_array  0x00000000080064e0        0x0
                0x00000000080064e0                . = ALIGN (0x4)
                0x00000000080064e0                PROVIDE (__preinit_array_start = .)
 *(.preinit_array*)
                0x00000000080064e0                PROVIDE (__preinit_array_end = .)
                0x00000000080064e0                . = ALIGN (0x4)

.init_array     0x00000000080064e0        0x4
                0x00000000080064e0                . = ALIGN (0x4)
                0x00000000080064e0                PROVIDE (__init_array_start = .)
 *(SORT_BY_NAME(.init_array.*))
 *(.init_array*)
 .init_array    0x00000000080064e0        0x4 c:/st/stm32cubeide_1.6.1/stm32cubeide/plugins/com.st.stm32cube.ide.mcu.externaltools.gnu-tools-for-stm32.10.3-2021.10.win32_1.0.0.202111181127/tools/bin/../lib/gcc/arm-none-eabi/10.3.1/thumb/v7e-m+fp/hard/crtbegin.o
                0x00000000080064e4                PROVIDE (__init_array_end = .)
                0x00000000080064e4                . = ALIGN (0x4)

.fini_array     0x00000000080064e4        0x4
                0x00000000080064e4                . = ALIGN (0x4)
                [!provide]                        PROVIDE (__fini_array_start = .)
 *(SORT_BY_NAME(.fini_array.*))
 *(.fini_array*)
 .fini_array    0x00000000080064e4        0x4 c:/st/stm32cubeide_1.6.1/stm32cubeide/plugins/com.st.stm32cube.ide.mcu.externaltools.gnu-tools-for-stm32.10.3-2021.10.win32_1.0.0.202111181127/tools/bin/../lib/gcc/arm-none-eabi/10.3.1/thumb/v7e-m+fp/hard/crtbegin.o
                [!provide]                        PROVIDE (__fini_array_end = .)
                0x00000000080064e8                . = ALIGN (0x4)
                0x00000000080064e8                _sidata = LOADADDR (.data)

.data           0x0000000020000000      0x57c load address 0x00000000080064e8
                0x0000000020000000                . = ALIGN (0x4)
                0x0000000020000000                _sdata = .
 *(.data)
 *(.data*)
 .data.CircleLimitationM1
                0x0000000020000000       0xb4 ./Application/User/mc_config.o
                0x0000000020000000                CircleLimitationM1
 .data.HALL_M1  0x00000000200000b4       0xc8 ./Application/User/mc_config.o
                0x00000000200000b4                HALL_M1
 .data.PIDIdHandle_M1
                0x000000002000017c       0x2c ./Application/User/mc_config.o
                0x000000002000017c                PIDIdHandle_M1
 .data.PIDIqHandle_M1
                0x00000000200001a8       0x2c ./Application/User/mc_config.o
                0x00000000200001a8                PIDIqHandle_M1
 .data.PIDSpeedHandle_M1
                0x00000000200001d4       0x2c ./Application/User/mc_config.o
                0x00000000200001d4                PIDSpeedHandle_M1
 .data.PQD_MotorPowMeasM1
                0x0000000020000200      0x114 ./Application/User/mc_config.o
                0x0000000020000200                PQD_MotorPowMeasM1
 .data.PWM_Handle_M1
                0x0000000020000314       0x7c ./Application/User/mc_config.o
                0x0000000020000314                PWM_Handle_M1
 .data.RampExtMngrHFParamsM1
                0x0000000020000390       0x18 ./Application/User/mc_config.o
                0x0000000020000390                RampExtMngrHFParamsM1
 .data.RealBusVoltageSensorParamsM1
                0x00000000200003a8       0x28 ./Application/User/mc_config.o
                0x00000000200003a8                RealBusVoltageSensorParamsM1
 .data.SpeednTorqCtrlM1
                0x00000000200003d0       0x34 ./Application/User/mc_config.o
                0x00000000200003d0                SpeednTorqCtrlM1
 .data.TempSensorParamsM1
                0x0000000020000404       0x28 ./Application/User/mc_config.o
                0x0000000020000404                TempSensorParamsM1
 .data.pUSART   0x000000002000042c      0x13c ./Application/User/mc_config.o
                0x000000002000042c                pUSART
 .data.wConfig  0x0000000020000568        0x4 ./Application/User/motorcontrol.o
                0x0000000020000568                wConfig
 .data.SystickDividerCounter.0
                0x000000002000056c        0x1 ./Application/User/stm32f4xx_mc_it.o
 *fill*         0x000000002000056d        0x1 
 .data.bCOMATRTimeCounter
                0x000000002000056e        0x2 ./Application/User/ui_task.o
 .data.SystemCoreClock
                0x0000000020000570        0x4 ./Drivers/CMSIS/system_stm32f4xx.o
                0x0000000020000570                SystemCoreClock
 .data.uwTickFreq
                0x0000000020000574        0x1 ./Drivers/STM32F4xx_HAL_Driver/stm32f4xx_hal.o
                0x0000000020000574                uwTickFreq
 *fill*         0x0000000020000575        0x3 
 .data.uwTickPrio
                0x0000000020000578        0x4 ./Drivers/STM32F4xx_HAL_Driver/stm32f4xx_hal.o
                0x0000000020000578                uwTickPrio
                0x000000002000057c                . = ALIGN (0x4)
                0x000000002000057c                _edata = .

.igot.plt       0x000000002000057c        0x0 load address 0x0000000008006a64
 .igot.plt      0x000000002000057c        0x0 c:/st/stm32cubeide_1.6.1/stm32cubeide/plugins/com.st.stm32cube.ide.mcu.externaltools.gnu-tools-for-stm32.10.3-2021.10.win32_1.0.0.202111181127/tools/bin/../lib/gcc/arm-none-eabi/10.3.1/thumb/v7e-m+fp/hard/crtbegin.o
                0x000000002000057c                . = ALIGN (0x4)

.bss            0x0000000020000580      0x328 load address 0x0000000008006a64
                0x0000000020000580                _sbss = .
                0x0000000020000580                __bss_start__ = _sbss
 *(.bss)
 .bss           0x0000000020000580       0x1c c:/st/stm32cubeide_1.6.1/stm32cubeide/plugins/com.st.stm32cube.ide.mcu.externaltools.gnu-tools-for-stm32.10.3-2021.10.win32_1.0.0.202111181127/tools/bin/../lib/gcc/arm-none-eabi/10.3.1/thumb/v7e-m+fp/hard/crtbegin.o
 *(.bss*)
 *fill*         0x000000002000059c        0x4 
 .bss.hadc1     0x00000000200005a0       0x48 ./Application/User/main.o
                0x00000000200005a0                hadc1
 .bss.htim1     0x00000000200005e8       0x40 ./Application/User/main.o
                0x00000000200005e8                htim1
 .bss.htim2     0x0000000020000628       0x40 ./Application/User/main.o
                0x0000000020000628                htim2
 .bss.huart2    0x0000000020000668       0x40 ./Application/User/main.o
                0x0000000020000668                huart2
 .bss.RealBusVoltageSensorFilterBufferM1
                0x00000000200006a8       0x14 ./Application/User/mc_config.o
                0x00000000200006a8                RealBusVoltageSensorFilterBufferM1
 .bss.UI_Params
                0x00000000200006bc       0x18 ./Application/User/mc_config.o
                0x00000000200006bc                UI_Params
 .bss.FOCVars   0x00000000200006d4       0x26 ./Application/User/mc_tasks.o
                0x00000000200006d4                FOCVars
 *fill*         0x00000000200006fa        0x2 
 .bss.MCT       0x00000000200006fc       0x54 ./Application/User/mc_tasks.o
                0x00000000200006fc                MCT
 .bss.Mci       0x0000000020000750       0x1c ./Application/User/mc_tasks.o
                0x0000000020000750                Mci
 .bss.STM       0x000000002000076c        0x6 ./Application/User/mc_tasks.o
                0x000000002000076c                STM
 .bss.bMCBootCompleted
                0x0000000020000772        0x1 ./Application/User/mc_tasks.o
                0x0000000020000772                bMCBootCompleted
 *fill*         0x0000000020000773        0x1 
 .bss.hBootCapDelayCounterM1
                0x0000000020000774        0x2 ./Application/User/mc_tasks.o
 .bss.hMFTaskCounterM1
                0x0000000020000776        0x2 ./Application/User/mc_tasks.o
 .bss.hStopPermanencyCounterM1
                0x0000000020000778        0x2 ./Application/User/mc_tasks.o
 *fill*         0x000000002000077a        0x2 
 .bss.oMCInterface
                0x000000002000077c        0x4 ./Application/User/mc_tasks.o
                0x000000002000077c                oMCInterface
 .bss.pBusSensorM1
                0x0000000020000780        0x4 ./Application/User/mc_tasks.o
                0x0000000020000780                pBusSensorM1
 .bss.pCLM      0x0000000020000784        0x4 ./Application/User/mc_tasks.o
                0x0000000020000784                pCLM
 .bss.pMPM      0x0000000020000788        0x4 ./Application/User/mc_tasks.o
                0x0000000020000788                pMPM
 .bss.pPIDId    0x000000002000078c        0x4 ./Application/User/mc_tasks.o
                0x000000002000078c                pPIDId
 .bss.pPIDIq    0x0000000020000790        0x4 ./Application/User/mc_tasks.o
                0x0000000020000790                pPIDIq
 .bss.pPIDSpeed
                0x0000000020000794        0x4 ./Application/User/mc_tasks.o
                0x0000000020000794                pPIDSpeed
 .bss.pREMNG    0x0000000020000798        0x4 ./Application/User/mc_tasks.o
                0x0000000020000798                pREMNG
 .bss.pSTC      0x000000002000079c        0x4 ./Application/User/mc_tasks.o
                0x000000002000079c                pSTC
 .bss.pTemperatureSensor
                0x00000000200007a0        0x4 ./Application/User/mc_tasks.o
                0x00000000200007a0                pTemperatureSensor
 .bss.pwmcHandle
                0x00000000200007a4        0x4 ./Application/User/mc_tasks.o
                0x00000000200007a4                pwmcHandle
 .bss.MPInfo    0x00000000200007a8        0x8 ./Application/User/motor_control_protocol.o
                0x00000000200007a8                MPInfo
 .bss.pMCI      0x00000000200007b0        0x4 ./Application/User/motorcontrol.o
                0x00000000200007b0                pMCI
 .bss.pMCT      0x00000000200007b4        0x4 ./Application/User/motorcontrol.o
                0x00000000200007b4                pMCT
 .bss.RCM_CB_array
                0x00000000200007b8       0x20 ./Application/User/regular_conversion_manager.o
                0x00000000200007b8                RCM_CB_array
 .bss.RCM_UserConvHandle
                0x00000000200007d8        0x1 ./Application/User/regular_conversion_manager.o
                0x00000000200007d8                RCM_UserConvHandle
 .bss.RCM_UserConvState
                0x00000000200007d9        0x1 ./Application/User/regular_conversion_manager.o
                0x00000000200007d9                RCM_UserConvState
 .bss.RCM_UserConvValue
                0x00000000200007da        0x2 ./Application/User/regular_conversion_manager.o
                0x00000000200007da                RCM_UserConvValue
 .bss.RCM_handle_array
                0x00000000200007dc       0x10 ./Application/User/regular_conversion_manager.o
                0x00000000200007dc                RCM_handle_array
 .bss.MCP_UI_Params
                0x00000000200007ec       0xb0 ./Application/User/ui_task.o
                0x00000000200007ec                MCP_UI_Params
 .bss.bCOMTimeoutCounter
                0x000000002000089c        0x2 ./Application/User/ui_task.o
 .bss.bUITaskCounter
                0x000000002000089e        0x2 ./Application/User/ui_task.o
 .bss.pMCP      0x00000000200008a0        0x4 ./Application/User/ui_task.o
                0x00000000200008a0                pMCP
 .bss.uwTick    0x00000000200008a4        0x4 ./Drivers/STM32F4xx_HAL_Driver/stm32f4xx_hal.o
                0x00000000200008a4                uwTick
 *(COMMON)
                0x00000000200008a8                . = ALIGN (0x4)
                0x00000000200008a8                _ebss = .
                0x00000000200008a8                __bss_end__ = _ebss

._user_heap_stack
                0x00000000200008a8      0x600 load address 0x0000000008006a64
                0x00000000200008a8                . = ALIGN (0x8)
                [!provide]                        PROVIDE (end = .)
                0x00000000200008a8                PROVIDE (_end = .)
                0x0000000020000aa8                . = (. + _Min_Heap_Size)
 *fill*         0x00000000200008a8      0x200 
                0x0000000020000ea8                . = (. + _Min_Stack_Size)
 *fill*         0x0000000020000aa8      0x400 
                0x0000000020000ea8                . = ALIGN (0x8)

/DISCARD/
 libc.a(*)
 libm.a(*)
 libgcc.a(*)

.ARM.attributes
                0x0000000000000000       0x30
 *(.ARM.attributes)
 .ARM.attributes
                0x0000000000000000       0x1e c:/st/stm32cubeide_1.6.1/stm32cubeide/plugins/com.st.stm32cube.ide.mcu.externaltools.gnu-tools-for-stm32.10.3-2021.10.win32_1.0.0.202111181127/tools/bin/../lib/gcc/arm-none-eabi/10.3.1/thumb/v7e-m+fp/hard/crti.o
 .ARM.attributes
                0x000000000000001e       0x34 c:/st/stm32cubeide_1.6.1/stm32cubeide/plugins/com.st.stm32cube.ide.mcu.externaltools.gnu-tools-for-stm32.10.3-2021.10.win32_1.0.0.202111181127/tools/bin/../lib/gcc/arm-none-eabi/10.3.1/thumb/v7e-m+fp/hard/crtbegin.o
 .ARM.attributes
                0x0000000000000052       0x21 ./Application/Startup/startup_stm32f401retx.o
 .ARM.attributes
                0x0000000000000073       0x30 ./Application/User/main.o
 .ARM.attributes
                0x00000000000000a3       0x30 ./Application/User/mc_config.o
 .ARM.attributes
                0x00000000000000d3       0x30 ./Application/User/mc_interface.o
 .ARM.attributes
                0x0000000000000103       0x30 ./Application/User/mc_math.o
 .ARM.attributes
                0x0000000000000133       0x30 ./Application/User/mc_parameters.o
 .ARM.attributes
                0x0000000000000163       0x30 ./Application/User/mc_tasks.o
 .ARM.attributes
                0x0000000000000193       0x30 ./Application/User/motor_control_protocol.o
 .ARM.attributes
                0x00000000000001c3       0x30 ./Application/User/motorcontrol.o
 .ARM.attributes
                0x00000000000001f3       0x30 ./Application/User/regular_conversion_manager.o
 .ARM.attributes
                0x0000000000000223       0x30 ./Application/User/stm32f4xx_hal_msp.o
 .ARM.attributes
                0x0000000000000253       0x30 ./Application/User/stm32f4xx_mc_it.o
 .ARM.attributes
                0x0000000000000283       0x30 ./Application/User/ui_task.o
 .ARM.attributes
                0x00000000000002b3       0x30 ./Application/User/user_interface.o
 .ARM.attributes
                0x00000000000002e3       0x30 ./Drivers/CMSIS/system_stm32f4xx.o
 .ARM.attributes
                0x0000000000000313       0x30 ./Drivers/STM32F4xx_HAL_Driver/stm32f4xx_hal.o
 .ARM.attributes
                0x0000000000000343       0x30 ./Drivers/STM32F4xx_HAL_Driver/stm32f4xx_hal_adc.o
 .ARM.attributes
                0x0000000000000373       0x30 ./Drivers/STM32F4xx_HAL_Driver/stm32f4xx_hal_adc_ex.o
 .ARM.attributes
                0x00000000000003a3       0x30 ./Drivers/STM32F4xx_HAL_Driver/stm32f4xx_hal_cortex.o
 .ARM.attributes
                0x00000000000003d3       0x30 ./Drivers/STM32F4xx_HAL_Driver/stm32f4xx_hal_gpio.o
 .ARM.attributes
                0x0000000000000403       0x30 ./Drivers/STM32F4xx_HAL_Driver/stm32f4xx_hal_rcc.o
 .ARM.attributes
                0x0000000000000433       0x30 ./Drivers/STM32F4xx_HAL_Driver/stm32f4xx_hal_tim.o
 .ARM.attributes
                0x0000000000000463       0x30 ./Drivers/STM32F4xx_HAL_Driver/stm32f4xx_hal_tim_ex.o
 .ARM.attributes
                0x0000000000000493       0x30 ./Drivers/STM32F4xx_HAL_Driver/stm32f4xx_hal_uart.o
 .ARM.attributes
                0x00000000000004c3       0x30 ./Middlewares/MotorControl/bus_voltage_sensor.o
 .ARM.attributes
                0x00000000000004f3       0x30 ./Middlewares/MotorControl/circle_limitation.o
 .ARM.attributes
                0x0000000000000523       0x30 ./Middlewares/MotorControl/frame_communication_protocol.o
 .ARM.attributes
                0x0000000000000553       0x30 ./Middlewares/MotorControl/hall_speed_pos_fdbk.o
 .ARM.attributes
                0x0000000000000583       0x30 ./Middlewares/MotorControl/motor_power_measurement.o
 .ARM.attributes
                0x00000000000005b3       0x30 ./Middlewares/MotorControl/ntc_temperature_sensor.o
 .ARM.attributes
                0x00000000000005e3       0x30 ./Middlewares/MotorControl/pid_regulator.o
 .ARM.attributes
                0x0000000000000613       0x30 ./Middlewares/MotorControl/pqd_motor_power_measurement.o
 .ARM.attributes
                0x0000000000000643       0x30 ./Middlewares/MotorControl/pwm_common.o
 .ARM.attributes
                0x0000000000000673       0x30 ./Middlewares/MotorControl/pwm_curr_fdbk.o
 .ARM.attributes
                0x00000000000006a3       0x30 ./Middlewares/MotorControl/r3_1_f4xx_pwm_curr_fdbk.o
 .ARM.attributes
                0x00000000000006d3       0x30 ./Middlewares/MotorControl/r_divider_bus_voltage_sensor.o
 .ARM.attributes
                0x0000000000000703       0x30 ./Middlewares/MotorControl/ramp_ext_mngr.o
 .ARM.attributes
                0x0000000000000733       0x30 ./Middlewares/MotorControl/speed_pos_fdbk.o
 .ARM.attributes
                0x0000000000000763       0x30 ./Middlewares/MotorControl/speed_torq_ctrl.o
 .ARM.attributes
                0x0000000000000793       0x30 ./Middlewares/MotorControl/state_machine.o
 .ARM.attributes
                0x00000000000007c3       0x30 ./Middlewares/MotorControl/usart_frame_communication_protocol.o
 .ARM.attributes
                0x00000000000007f3       0x35 ../../MCSDK_v5.4.5/MotorControl/lib\libmc-gcc_M4_NoCCMRAM.lib(revup_ctrl.o)
 .ARM.attributes
                0x0000000000000828       0x34 c:/st/stm32cubeide_1.6.1/stm32cubeide/plugins/com.st.stm32cube.ide.mcu.externaltools.gnu-tools-for-stm32.10.3-2021.10.win32_1.0.0.202111181127/tools/bin/../lib/gcc/arm-none-eabi/10.3.1/../../../../arm-none-eabi/lib/thumb/v7e-m+fp/hard\libc_nano.a(lib_a-init.o)
 .ARM.attributes
                0x000000000000085c       0x34 c:/st/stm32cubeide_1.6.1/stm32cubeide/plugins/com.st.stm32cube.ide.mcu.externaltools.gnu-tools-for-stm32.10.3-2021.10.win32_1.0.0.202111181127/tools/bin/../lib/gcc/arm-none-eabi/10.3.1/../../../../arm-none-eabi/lib/thumb/v7e-m+fp/hard\libc_nano.a(lib_a-memset.o)
 .ARM.attributes
                0x0000000000000890       0x1e c:/st/stm32cubeide_1.6.1/stm32cubeide/plugins/com.st.stm32cube.ide.mcu.externaltools.gnu-tools-for-stm32.10.3-2021.10.win32_1.0.0.202111181127/tools/bin/../lib/gcc/arm-none-eabi/10.3.1/thumb/v7e-m+fp/hard\libgcc.a(_aeabi_uldivmod.o)
 .ARM.attributes
                0x00000000000008ae       0x34 c:/st/stm32cubeide_1.6.1/stm32cubeide/plugins/com.st.stm32cube.ide.mcu.externaltools.gnu-tools-for-stm32.10.3-2021.10.win32_1.0.0.202111181127/tools/bin/../lib/gcc/arm-none-eabi/10.3.1/thumb/v7e-m+fp/hard\libgcc.a(_udivmoddi4.o)
 .ARM.attributes
                0x00000000000008e2       0x1e c:/st/stm32cubeide_1.6.1/stm32cubeide/plugins/com.st.stm32cube.ide.mcu.externaltools.gnu-tools-for-stm32.10.3-2021.10.win32_1.0.0.202111181127/tools/bin/../lib/gcc/arm-none-eabi/10.3.1/thumb/v7e-m+fp/hard\libgcc.a(_dvmd_tls.o)
 .ARM.attributes
                0x0000000000000900       0x1e c:/st/stm32cubeide_1.6.1/stm32cubeide/plugins/com.st.stm32cube.ide.mcu.externaltools.gnu-tools-for-stm32.10.3-2021.10.win32_1.0.0.202111181127/tools/bin/../lib/gcc/arm-none-eabi/10.3.1/thumb/v7e-m+fp/hard/crtn.o
OUTPUT(inverter_v1.2.elf elf32-littlearm)
LOAD linker stubs
LOAD c:/st/stm32cubeide_1.6.1/stm32cubeide/plugins/com.st.stm32cube.ide.mcu.externaltools.gnu-tools-for-stm32.10.3-2021.10.win32_1.0.0.202111181127/tools/bin/../lib/gcc/arm-none-eabi/10.3.1/../../../../arm-none-eabi/lib/thumb/v7e-m+fp/hard\libc.a
LOAD c:/st/stm32cubeide_1.6.1/stm32cubeide/plugins/com.st.stm32cube.ide.mcu.externaltools.gnu-tools-for-stm32.10.3-2021.10.win32_1.0.0.202111181127/tools/bin/../lib/gcc/arm-none-eabi/10.3.1/../../../../arm-none-eabi/lib/thumb/v7e-m+fp/hard\libm.a
LOAD c:/st/stm32cubeide_1.6.1/stm32cubeide/plugins/com.st.stm32cube.ide.mcu.externaltools.gnu-tools-for-stm32.10.3-2021.10.win32_1.0.0.202111181127/tools/bin/../lib/gcc/arm-none-eabi/10.3.1/thumb/v7e-m+fp/hard\libgcc.a

.debug_line     0x0000000000000000    0x2a360
 .debug_line    0x0000000000000000       0x8c ./Application/Startup/startup_stm32f401retx.o
 .debug_line    0x000000000000008c     0x1514 ./Application/User/main.o
 .debug_line    0x00000000000015a0      0xcc9 ./Application/User/mc_config.o
 .debug_line    0x0000000000002269      0xe8d ./Application/User/mc_interface.o
 .debug_line    0x00000000000030f6      0xe4c ./Application/User/mc_math.o
 .debug_line    0x0000000000003f42      0x932 ./Application/User/mc_parameters.o
 .debug_line    0x0000000000004874     0x15d3 ./Application/User/mc_tasks.o
 .debug_line    0x0000000000005e47     0x127b ./Application/User/motor_control_protocol.o
 .debug_line    0x00000000000070c2      0xd2e ./Application/User/motorcontrol.o
 .debug_line    0x0000000000007df0     0x1286 ./Application/User/regular_conversion_manager.o
 .debug_line    0x0000000000009076      0xa64 ./Application/User/stm32f4xx_hal_msp.o
 .debug_line    0x0000000000009ada     0x1149 ./Application/User/stm32f4xx_mc_it.o
 .debug_line    0x000000000000ac23      0xe5f ./Application/User/ui_task.o
 .debug_line    0x000000000000ba82     0x1486 ./Application/User/user_interface.o
 .debug_line    0x000000000000cf08      0x7d8 ./Drivers/CMSIS/system_stm32f4xx.o
 .debug_line    0x000000000000d6e0      0xad6 ./Drivers/STM32F4xx_HAL_Driver/stm32f4xx_hal.o
 .debug_line    0x000000000000e1b6     0x15e8 ./Drivers/STM32F4xx_HAL_Driver/stm32f4xx_hal_adc.o
 .debug_line    0x000000000000f79e     0x1250 ./Drivers/STM32F4xx_HAL_Driver/stm32f4xx_hal_adc_ex.o
 .debug_line    0x00000000000109ee      0xd74 ./Drivers/STM32F4xx_HAL_Driver/stm32f4xx_hal_cortex.o
 .debug_line    0x0000000000011762      0xda7 ./Drivers/STM32F4xx_HAL_Driver/stm32f4xx_hal_gpio.o
 .debug_line    0x0000000000012509     0x1116 ./Drivers/STM32F4xx_HAL_Driver/stm32f4xx_hal_rcc.o
 .debug_line    0x000000000001361f     0x4d56 ./Drivers/STM32F4xx_HAL_Driver/stm32f4xx_hal_tim.o
 .debug_line    0x0000000000018375     0x1552 ./Drivers/STM32F4xx_HAL_Driver/stm32f4xx_hal_tim_ex.o
 .debug_line    0x00000000000198c7     0x27ba ./Drivers/STM32F4xx_HAL_Driver/stm32f4xx_hal_uart.o
 .debug_line    0x000000000001c081      0x904 ./Middlewares/MotorControl/bus_voltage_sensor.o
 .debug_line    0x000000000001c985      0x901 ./Middlewares/MotorControl/circle_limitation.o
 .debug_line    0x000000000001d286      0xce0 ./Middlewares/MotorControl/frame_communication_protocol.o
 .debug_line    0x000000000001df66     0x172e ./Middlewares/MotorControl/hall_speed_pos_fdbk.o
 .debug_line    0x000000000001f694      0x98d ./Middlewares/MotorControl/motor_power_measurement.o
 .debug_line    0x0000000000020021      0xa4d ./Middlewares/MotorControl/ntc_temperature_sensor.o
 .debug_line    0x0000000000020a6e      0xcbd ./Middlewares/MotorControl/pid_regulator.o
 .debug_line    0x000000000002172b      0x950 ./Middlewares/MotorControl/pqd_motor_power_measurement.o
 .debug_line    0x000000000002207b      0xa5a ./Middlewares/MotorControl/pwm_common.o
 .debug_line    0x0000000000022ad5      0xe3f ./Middlewares/MotorControl/pwm_curr_fdbk.o
 .debug_line    0x0000000000023914     0x2391 ./Middlewares/MotorControl/r3_1_f4xx_pwm_curr_fdbk.o
 .debug_line    0x0000000000025ca5      0xc33 ./Middlewares/MotorControl/r_divider_bus_voltage_sensor.o
 .debug_line    0x00000000000268d8      0xaf1 ./Middlewares/MotorControl/ramp_ext_mngr.o
 .debug_line    0x00000000000273c9      0xa43 ./Middlewares/MotorControl/speed_pos_fdbk.o
 .debug_line    0x0000000000027e0c      0xced ./Middlewares/MotorControl/speed_torq_ctrl.o
 .debug_line    0x0000000000028af9      0xb05 ./Middlewares/MotorControl/state_machine.o
 .debug_line    0x00000000000295fe      0xd62 ./Middlewares/MotorControl/usart_frame_communication_protocol.o

.debug_info     0x0000000000000000    0x36ce3
 .debug_info    0x0000000000000000       0x22 ./Application/Startup/startup_stm32f401retx.o
 .debug_info    0x0000000000000022     0x1ff4 ./Application/User/main.o
 .debug_info    0x0000000000002016     0x32ca ./Application/User/mc_config.o
 .debug_info    0x00000000000052e0     0x1265 ./Application/User/mc_interface.o
 .debug_info    0x0000000000006545      0x68b ./Application/User/mc_math.o
 .debug_info    0x0000000000006bd0      0x5ee ./Application/User/mc_parameters.o
 .debug_info    0x00000000000071be     0x405a ./Application/User/mc_tasks.o
 .debug_info    0x000000000000b218     0x3ad9 ./Application/User/motor_control_protocol.o
 .debug_info    0x000000000000ecf1     0x2903 ./Application/User/motorcontrol.o
 .debug_info    0x00000000000115f4      0xa47 ./Application/User/regular_conversion_manager.o
 .debug_info    0x000000000001203b     0x13ee ./Application/User/stm32f4xx_hal_msp.o
 .debug_info    0x0000000000013429     0x3723 ./Application/User/stm32f4xx_mc_it.o
 .debug_info    0x0000000000016b4c     0x2eeb ./Application/User/ui_task.o
 .debug_info    0x0000000000019a37     0x3bb9 ./Application/User/user_interface.o
 .debug_info    0x000000000001d5f0      0x568 ./Drivers/CMSIS/system_stm32f4xx.o
 .debug_info    0x000000000001db58      0x9db ./Drivers/STM32F4xx_HAL_Driver/stm32f4xx_hal.o
 .debug_info    0x000000000001e533      0xecd ./Drivers/STM32F4xx_HAL_Driver/stm32f4xx_hal_adc.o
 .debug_info    0x000000000001f400      0xce4 ./Drivers/STM32F4xx_HAL_Driver/stm32f4xx_hal_adc_ex.o
 .debug_info    0x00000000000200e4     0x1002 ./Drivers/STM32F4xx_HAL_Driver/stm32f4xx_hal_cortex.o
 .debug_info    0x00000000000210e6      0x7c5 ./Drivers/STM32F4xx_HAL_Driver/stm32f4xx_hal_gpio.o
 .debug_info    0x00000000000218ab      0xbae ./Drivers/STM32F4xx_HAL_Driver/stm32f4xx_hal_rcc.o
 .debug_info    0x0000000000022459     0x4832 ./Drivers/STM32F4xx_HAL_Driver/stm32f4xx_hal_tim.o
 .debug_info    0x0000000000026c8b     0x1772 ./Drivers/STM32F4xx_HAL_Driver/stm32f4xx_hal_tim_ex.o
 .debug_info    0x00000000000283fd     0x1bd7 ./Drivers/STM32F4xx_HAL_Driver/stm32f4xx_hal_uart.o
 .debug_info    0x0000000000029fd4      0x2c5 ./Middlewares/MotorControl/bus_voltage_sensor.o
 .debug_info    0x000000000002a299      0x2bd ./Middlewares/MotorControl/circle_limitation.o
 .debug_info    0x000000000002a556     0x2c3c ./Middlewares/MotorControl/frame_communication_protocol.o
 .debug_info    0x000000000002d192     0x147c ./Middlewares/MotorControl/hall_speed_pos_fdbk.o
 .debug_info    0x000000000002e60e      0x30f ./Middlewares/MotorControl/motor_power_measurement.o
 .debug_info    0x000000000002e91d      0x5e0 ./Middlewares/MotorControl/ntc_temperature_sensor.o
 .debug_info    0x000000000002eefd      0x874 ./Middlewares/MotorControl/pid_regulator.o
 .debug_info    0x000000000002f771      0x50a ./Middlewares/MotorControl/pqd_motor_power_measurement.o
 .debug_info    0x000000000002fc7b      0x832 ./Middlewares/MotorControl/pwm_common.o
 .debug_info    0x00000000000304ad      0xb4b ./Middlewares/MotorControl/pwm_curr_fdbk.o
 .debug_info    0x0000000000030ff8     0x32df ./Middlewares/MotorControl/r3_1_f4xx_pwm_curr_fdbk.o
 .debug_info    0x00000000000342d7      0x6e7 ./Middlewares/MotorControl/r_divider_bus_voltage_sensor.o
 .debug_info    0x00000000000349be      0x4b8 ./Middlewares/MotorControl/ramp_ext_mngr.o
 .debug_info    0x0000000000034e76      0x533 ./Middlewares/MotorControl/speed_pos_fdbk.o
 .debug_info    0x00000000000353a9      0xa2c ./Middlewares/MotorControl/speed_torq_ctrl.o
 .debug_info    0x0000000000035dd5      0x433 ./Middlewares/MotorControl/state_machine.o
 .debug_info    0x0000000000036208      0xadb ./Middlewares/MotorControl/usart_frame_communication_protocol.o

.debug_abbrev   0x0000000000000000     0x626b
 .debug_abbrev  0x0000000000000000       0x12 ./Application/Startup/startup_stm32f401retx.o
 .debug_abbrev  0x0000000000000012      0x3a3 ./Application/User/main.o
 .debug_abbrev  0x00000000000003b5      0x215 ./Application/User/mc_config.o
 .debug_abbrev  0x00000000000005ca      0x26c ./Application/User/mc_interface.o
 .debug_abbrev  0x0000000000000836      0x1a3 ./Application/User/mc_math.o
 .debug_abbrev  0x00000000000009d9      0x112 ./Application/User/mc_parameters.o
 .debug_abbrev  0x0000000000000aeb      0x453 ./Application/User/mc_tasks.o
 .debug_abbrev  0x0000000000000f3e      0x34c ./Application/User/motor_control_protocol.o
 .debug_abbrev  0x000000000000128a      0x220 ./Application/User/motorcontrol.o
 .debug_abbrev  0x00000000000014aa      0x2ff ./Application/User/regular_conversion_manager.o
 .debug_abbrev  0x00000000000017a9      0x24b ./Application/User/stm32f4xx_hal_msp.o
 .debug_abbrev  0x00000000000019f4      0x398 ./Application/User/stm32f4xx_mc_it.o
 .debug_abbrev  0x0000000000001d8c      0x2f8 ./Application/User/ui_task.o
 .debug_abbrev  0x0000000000002084      0x346 ./Application/User/user_interface.o
 .debug_abbrev  0x00000000000023ca      0x11c ./Drivers/CMSIS/system_stm32f4xx.o
 .debug_abbrev  0x00000000000024e6      0x2ba ./Drivers/STM32F4xx_HAL_Driver/stm32f4xx_hal.o
 .debug_abbrev  0x00000000000027a0      0x2a9 ./Drivers/STM32F4xx_HAL_Driver/stm32f4xx_hal_adc.o
 .debug_abbrev  0x0000000000002a49      0x298 ./Drivers/STM32F4xx_HAL_Driver/stm32f4xx_hal_adc_ex.o
 .debug_abbrev  0x0000000000002ce1      0x363 ./Drivers/STM32F4xx_HAL_Driver/stm32f4xx_hal_cortex.o
 .debug_abbrev  0x0000000000003044      0x204 ./Drivers/STM32F4xx_HAL_Driver/stm32f4xx_hal_gpio.o
 .debug_abbrev  0x0000000000003248      0x342 ./Drivers/STM32F4xx_HAL_Driver/stm32f4xx_hal_rcc.o
 .debug_abbrev  0x000000000000358a      0x3b6 ./Drivers/STM32F4xx_HAL_Driver/stm32f4xx_hal_tim.o
 .debug_abbrev  0x0000000000003940      0x360 ./Drivers/STM32F4xx_HAL_Driver/stm32f4xx_hal_tim_ex.o
 .debug_abbrev  0x0000000000003ca0      0x382 ./Drivers/STM32F4xx_HAL_Driver/stm32f4xx_hal_uart.o
 .debug_abbrev  0x0000000000004022      0x10d ./Middlewares/MotorControl/bus_voltage_sensor.o
 .debug_abbrev  0x000000000000412f       0xfa ./Middlewares/MotorControl/circle_limitation.o
 .debug_abbrev  0x0000000000004229      0x24e ./Middlewares/MotorControl/frame_communication_protocol.o
 .debug_abbrev  0x0000000000004477      0x339 ./Middlewares/MotorControl/hall_speed_pos_fdbk.o
 .debug_abbrev  0x00000000000047b0      0x14f ./Middlewares/MotorControl/motor_power_measurement.o
 .debug_abbrev  0x00000000000048ff      0x19f ./Middlewares/MotorControl/ntc_temperature_sensor.o
 .debug_abbrev  0x0000000000004a9e      0x1c0 ./Middlewares/MotorControl/pid_regulator.o
 .debug_abbrev  0x0000000000004c5e      0x177 ./Middlewares/MotorControl/pqd_motor_power_measurement.o
 .debug_abbrev  0x0000000000004dd5      0x1d6 ./Middlewares/MotorControl/pwm_common.o
 .debug_abbrev  0x0000000000004fab      0x261 ./Middlewares/MotorControl/pwm_curr_fdbk.o
 .debug_abbrev  0x000000000000520c      0x406 ./Middlewares/MotorControl/r3_1_f4xx_pwm_curr_fdbk.o
 .debug_abbrev  0x0000000000005612      0x228 ./Middlewares/MotorControl/r_divider_bus_voltage_sensor.o
 .debug_abbrev  0x000000000000583a      0x1a9 ./Middlewares/MotorControl/ramp_ext_mngr.o
 .debug_abbrev  0x00000000000059e3      0x184 ./Middlewares/MotorControl/speed_pos_fdbk.o
 .debug_abbrev  0x0000000000005b67      0x248 ./Middlewares/MotorControl/speed_torq_ctrl.o
 .debug_abbrev  0x0000000000005daf      0x182 ./Middlewares/MotorControl/state_machine.o
 .debug_abbrev  0x0000000000005f31      0x33a ./Middlewares/MotorControl/usart_frame_communication_protocol.o

.debug_aranges  0x0000000000000000     0x13f8
 .debug_aranges
                0x0000000000000000       0x28 ./Application/Startup/startup_stm32f401retx.o
 .debug_aranges
                0x0000000000000028       0x30 ./Application/User/main.o
 .debug_aranges
                0x0000000000000058       0x18 ./Application/User/mc_config.o
 .debug_aranges
                0x0000000000000070      0x130 ./Application/User/mc_interface.o
 .debug_aranges
                0x00000000000001a0       0x50 ./Application/User/mc_math.o
 .debug_aranges
                0x00000000000001f0       0x18 ./Application/User/mc_parameters.o
 .debug_aranges
                0x0000000000000208       0xa8 ./Application/User/mc_tasks.o
 .debug_aranges
                0x00000000000002b0       0x60 ./Application/User/motor_control_protocol.o
 .debug_aranges
                0x0000000000000310       0x20 ./Application/User/motorcontrol.o
 .debug_aranges
                0x0000000000000330       0x50 ./Application/User/regular_conversion_manager.o
 .debug_aranges
                0x0000000000000380       0x58 ./Application/User/stm32f4xx_hal_msp.o
 .debug_aranges
                0x00000000000003d8       0x50 ./Application/User/stm32f4xx_mc_it.o
 .debug_aranges
                0x0000000000000428       0x60 ./Application/User/ui_task.o
 .debug_aranges
                0x0000000000000488       0x80 ./Application/User/user_interface.o
 .debug_aranges
                0x0000000000000508       0x28 ./Drivers/CMSIS/system_stm32f4xx.o
 .debug_aranges
                0x0000000000000530       0xe8 ./Drivers/STM32F4xx_HAL_Driver/stm32f4xx_hal.o
 .debug_aranges
                0x0000000000000618       0xb8 ./Drivers/STM32F4xx_HAL_Driver/stm32f4xx_hal_adc.o
 .debug_aranges
                0x00000000000006d0       0x90 ./Drivers/STM32F4xx_HAL_Driver/stm32f4xx_hal_adc_ex.o
 .debug_aranges
                0x0000000000000760       0xa8 ./Drivers/STM32F4xx_HAL_Driver/stm32f4xx_hal_cortex.o
 .debug_aranges
                0x0000000000000808       0x58 ./Drivers/STM32F4xx_HAL_Driver/stm32f4xx_hal_gpio.o
 .debug_aranges
                0x0000000000000860       0x88 ./Drivers/STM32F4xx_HAL_Driver/stm32f4xx_hal_rcc.o
 .debug_aranges
                0x00000000000008e8      0x258 ./Drivers/STM32F4xx_HAL_Driver/stm32f4xx_hal_tim.o
 .debug_aranges
                0x0000000000000b40       0xf0 ./Drivers/STM32F4xx_HAL_Driver/stm32f4xx_hal_tim_ex.o
 .debug_aranges
                0x0000000000000c30      0x158 ./Drivers/STM32F4xx_HAL_Driver/stm32f4xx_hal_uart.o
 .debug_aranges
                0x0000000000000d88       0x38 ./Middlewares/MotorControl/bus_voltage_sensor.o
 .debug_aranges
                0x0000000000000dc0       0x20 ./Middlewares/MotorControl/circle_limitation.o
 .debug_aranges
                0x0000000000000de0       0x40 ./Middlewares/MotorControl/frame_communication_protocol.o
 .debug_aranges
                0x0000000000000e20       0x50 ./Middlewares/MotorControl/hall_speed_pos_fdbk.o
 .debug_aranges
                0x0000000000000e70       0x38 ./Middlewares/MotorControl/motor_power_measurement.o
 .debug_aranges
                0x0000000000000ea8       0x50 ./Middlewares/MotorControl/ntc_temperature_sensor.o
 .debug_aranges
                0x0000000000000ef8       0xd0 ./Middlewares/MotorControl/pid_regulator.o
 .debug_aranges